Component: ARM Compiler 5.06 update 7 (build 960) Tool: armlink [4d3601]

==============================================================================

Section Cross References

    startup_stm32f103xb.o(RESET) refers to startup_stm32f103xb.o(STACK) for __initial_sp
    startup_stm32f103xb.o(RESET) refers to startup_stm32f103xb.o(.text) for Reset_Handler
    startup_stm32f103xb.o(RESET) refers to stm32f1xx_it.o(i.NMI_Handler) for NMI_Handler
    startup_stm32f103xb.o(RESET) refers to stm32f1xx_it.o(i.HardFault_Handler) for HardFault_Handler
    startup_stm32f103xb.o(RESET) refers to stm32f1xx_it.o(i.MemManage_Handler) for MemManage_Handler
    startup_stm32f103xb.o(RESET) refers to stm32f1xx_it.o(i.BusFault_Handler) for BusFault_Handler
    startup_stm32f103xb.o(RESET) refers to stm32f1xx_it.o(i.UsageFault_Handler) for UsageFault_Handler
    startup_stm32f103xb.o(RESET) refers to stm32f1xx_it.o(i.SVC_Handler) for SVC_Handler
    startup_stm32f103xb.o(RESET) refers to stm32f1xx_it.o(i.DebugMon_Handler) for DebugMon_Handler
    startup_stm32f103xb.o(RESET) refers to stm32f1xx_it.o(i.PendSV_Handler) for PendSV_Handler
    startup_stm32f103xb.o(RESET) refers to stm32f1xx_it.o(i.SysTick_Handler) for SysTick_Handler
    startup_stm32f103xb.o(.text) refers to system_stm32f1xx.o(i.SystemInit) for SystemInit
    startup_stm32f103xb.o(.text) refers to entry.o(.ARM.Collect$$$$00000000) for __main
    main.o(i.SystemClock_Config) refers to memseta.o(.text) for __aeabi_memclr4
    main.o(i.SystemClock_Config) refers to stm32f1xx_hal_rcc.o(i.HAL_RCC_OscConfig) for HAL_RCC_OscConfig
    main.o(i.SystemClock_Config) refers to stm32f1xx_hal_rcc.o(i.HAL_RCC_ClockConfig) for HAL_RCC_ClockConfig
    main.o(i.main) refers to stm32f1xx_hal.o(i.HAL_Init) for HAL_Init
    main.o(i.main) refers to main.o(i.SystemClock_Config) for SystemClock_Config
    main.o(i.main) refers to stm32f1xx_hal_i2c.o(i.HAL_I2C_Init) for HAL_I2C_Init
    main.o(i.main) refers to stm32f1xx_hal_uart.o(i.HAL_UART_Init) for HAL_UART_Init
    main.o(i.main) refers to bmp180.o(i.BMP180_Start) for BMP180_Start
    main.o(i.main) refers to bmp280.o(i.bmp280_init_default_params) for bmp280_init_default_params
    main.o(i.main) refers to printfa.o(i.__0sprintf) for __2sprintf
    main.o(i.main) refers to stm32f1xx_hal_uart.o(i.HAL_UART_Transmit) for HAL_UART_Transmit
    main.o(i.main) refers to stm32f1xx_hal.o(i.HAL_Delay) for HAL_Delay
    main.o(i.main) refers to bmp280.o(i.bmp280_init) for bmp280_init
    main.o(i.main) refers to bmp180.o(i.BMP180_GetTemp) for BMP180_GetTemp
    main.o(i.main) refers to bmp180.o(i.BMP180_GetPress) for BMP180_GetPress
    main.o(i.main) refers to bmp180.o(i.BMP180_GetAlt) for BMP180_GetAlt
    main.o(i.main) refers to bmp280.o(i.bmp280_read_float) for bmp280_read_float
    main.o(i.main) refers to fdiv.o(.text) for __aeabi_fdiv
    main.o(i.main) refers to f2d.o(.text) for __aeabi_f2d
    main.o(i.main) refers to ddiv.o(.text) for __aeabi_ddiv
    main.o(i.main) refers to pow.o(i.pow) for pow
    main.o(i.main) refers to dadd.o(.text) for __aeabi_drsub
    main.o(i.main) refers to dmul.o(.text) for __aeabi_dmul
    main.o(i.main) refers to d2f.o(.text) for __aeabi_d2f
    main.o(i.main) refers to main.o(.bss) for .bss
    main.o(i.main) refers to main.o(.data) for .data
    main.o(i.main) refers to main.o(.conststring) for .conststring
    stm32f1xx_it.o(i.SysTick_Handler) refers to stm32f1xx_hal.o(i.HAL_IncTick) for HAL_IncTick
    stm32f1xx_hal_msp.o(i.HAL_I2C_MspDeInit) refers to stm32f1xx_hal_gpio.o(i.HAL_GPIO_DeInit) for HAL_GPIO_DeInit
    stm32f1xx_hal_msp.o(i.HAL_I2C_MspInit) refers to stm32f1xx_hal_gpio.o(i.HAL_GPIO_Init) for HAL_GPIO_Init
    stm32f1xx_hal_msp.o(i.HAL_UART_MspDeInit) refers to stm32f1xx_hal_gpio.o(i.HAL_GPIO_DeInit) for HAL_GPIO_DeInit
    stm32f1xx_hal_msp.o(i.HAL_UART_MspInit) refers to stm32f1xx_hal_gpio.o(i.HAL_GPIO_Init) for HAL_GPIO_Init
    bmp180.o(i.BMP180_GetAlt) refers to bmp180.o(i.BMP180_GetPress) for BMP180_GetPress
    bmp180.o(i.BMP180_GetAlt) refers to fflti.o(.text) for __aeabi_i2f
    bmp180.o(i.BMP180_GetAlt) refers to fdiv.o(.text) for __aeabi_fdiv
    bmp180.o(i.BMP180_GetAlt) refers to f2d.o(.text) for __aeabi_f2d
    bmp180.o(i.BMP180_GetAlt) refers to pow.o(i.pow) for pow
    bmp180.o(i.BMP180_GetAlt) refers to dadd.o(.text) for __aeabi_drsub
    bmp180.o(i.BMP180_GetAlt) refers to dmul.o(.text) for __aeabi_dmul
    bmp180.o(i.BMP180_GetAlt) refers to d2f.o(.text) for __aeabi_d2f
    bmp180.o(i.BMP180_GetAlt) refers to bmp180.o(.data) for .data
    bmp180.o(i.BMP180_GetPress) refers to bmp180.o(i.Get_UPress) for Get_UPress
    bmp180.o(i.BMP180_GetPress) refers to dfltui.o(.text) for __aeabi_ui2d
    bmp180.o(i.BMP180_GetPress) refers to ddiv.o(.text) for __aeabi_ddiv
    bmp180.o(i.BMP180_GetPress) refers to dflti.o(.text) for __aeabi_i2d
    bmp180.o(i.BMP180_GetPress) refers to dmul.o(.text) for __aeabi_dmul
[...]
    Removing stm32f1xx_hal_i2c.o(i.HAL_I2C_MemRxCpltCallback), (2 bytes).
    Removing stm32f1xx_hal_i2c.o(i.HAL_I2C_MemTxCpltCallback), (2 bytes).
    Removing stm32f1xx_hal_i2c.o(i.HAL_I2C_Mem_Read_DMA), (432 bytes).
    Removing stm32f1xx_hal_i2c.o(i.HAL_I2C_Mem_Read_IT), (224 bytes).
    Removing stm32f1xx_hal_i2c.o(i.HAL_I2C_Mem_Write_DMA), (376 bytes).
    Removing stm32f1xx_hal_i2c.o(i.HAL_I2C_Mem_Write_IT), (212 bytes).
    Removing stm32f1xx_hal_i2c.o(i.HAL_I2C_MspDeInit), (2 bytes).
    Removing stm32f1xx_hal_i2c.o(i.HAL_I2C_MspInit), (2 bytes).
    Removing stm32f1xx_hal_i2c.o(i.HAL_I2C_SlaveRxCpltCallback), (2 bytes).
    Removing stm32f1xx_hal_i2c.o(i.HAL_I2C_SlaveTxCpltCallback), (2 bytes).
    Removing stm32f1xx_hal_i2c.o(i.HAL_I2C_Slave_Receive), (364 bytes).
    Removing stm32f1xx_hal_i2c.o(i.HAL_I2C_Slave_Receive_DMA), (204 bytes).
    Removing stm32f1xx_hal_i2c.o(i.HAL_I2C_Slave_Receive_IT), (124 bytes).
    Removing stm32f1xx_hal_i2c.o(i.HAL_I2C_Slave_Seq_Receive_DMA), (328 bytes).
    Removing stm32f1xx_hal_i2c.o(i.HAL_I2C_Slave_Seq_Receive_IT), (116 bytes).
    Removing stm32f1xx_hal_i2c.o(i.HAL_I2C_Slave_Seq_Transmit_DMA), (328 bytes).
    Removing stm32f1xx_hal_i2c.o(i.HAL_I2C_Slave_Seq_Transmit_IT), (116 bytes).
    Removing stm32f1xx_hal_i2c.o(i.HAL_I2C_Slave_Transmit), (348 bytes).
    Removing stm32f1xx_hal_i2c.o(i.HAL_I2C_Slave_Transmit_DMA), (204 bytes).
    Removing stm32f1xx_hal_i2c.o(i.HAL_I2C_Slave_Transmit_IT), (124 bytes).
    Removing stm32f1xx_hal_i2c.o(i.I2C_DMAAbort), (188 bytes).
    Removing stm32f1xx_hal_i2c.o(i.I2C_DMAError), (54 bytes).
    Removing stm32f1xx_hal_i2c.o(i.I2C_DMAXferCplt), (266 bytes).
    Removing stm32f1xx_hal_i2c.o(i.I2C_ITError), (344 bytes).
    Removing stm32f1xx_hal_i2c.o(i.I2C_MasterReceive_BTF), (210 bytes).
    Removing stm32f1xx_hal_i2c.o(i.I2C_MasterReceive_RXNE), (232 bytes).
    Removing stm32f1xx_hal_i2c.o(i.I2C_MasterRequestRead), (236 bytes).
    Removing stm32f1xx_hal_i2c.o(i.I2C_MasterRequestWrite), (156 bytes).
    Removing stm32f1xx_hal_i2c.o(i.I2C_MasterTransmit_BTF), (116 bytes).
    Removing stm32f1xx_hal_i2c.o(i.I2C_MasterTransmit_TXE), (182 bytes).
    Removing stm32f1xx_hal_i2c.o(i.I2C_Master_ADDR), (344 bytes).
    Removing stm32f1xx_hal_i2c.o(i.I2C_Master_SB), (140 bytes).
    Removing stm32f1xx_hal_i2c.o(i.I2C_MemoryTransmit_TXE_BTF), (160 bytes).
    Removing stm32f1xx_hal_i2c.o(i.I2C_Slave_AF), (132 bytes).
    Removing stm32f1xx_hal_i2c.o(i.I2C_Slave_STOPF), (348 bytes).
    Removing stm32f1xx_hal.o(.rev16_text), (4 bytes).
    Removing stm32f1xx_hal.o(.revsh_text), (4 bytes).
    Removing stm32f1xx_hal.o(.rrx_text), (6 bytes).
    Removing stm32f1xx_hal.o(i.HAL_DBGMCU_DisableDBGSleepMode), (16 bytes).
    Removing stm32f1xx_hal.o(i.HAL_DBGMCU_DisableDBGStandbyMode), (16 bytes).
    Removing stm32f1xx_hal.o(i.HAL_DBGMCU_DisableDBGStopMode), (16 bytes).
    Removing stm32f1xx_hal.o(i.HAL_DBGMCU_EnableDBGSleepMode), (16 bytes).
    Removing stm32f1xx_hal.o(i.HAL_DBGMCU_EnableDBGStandbyMode), (16 bytes).
    Removing stm32f1xx_hal.o(i.HAL_DBGMCU_EnableDBGStopMode), (16 bytes).
    Removing stm32f1xx_hal.o(i.HAL_DeInit), (32 bytes).
    Removing stm32f1xx_hal.o(i.HAL_GetDEVID), (16 bytes).
    Removing stm32f1xx_hal.o(i.HAL_GetHalVersion), (8 bytes).
    Removing stm32f1xx_hal.o(i.HAL_GetREVID), (12 bytes).
    Removing stm32f1xx_hal.o(i.HAL_GetTickFreq), (12 bytes).
    Removing stm32f1xx_hal.o(i.HAL_GetTickPrio), (12 bytes).
    Removing stm32f1xx_hal.o(i.HAL_GetUIDw0), (12 bytes).
    Removing stm32f1xx_hal.o(i.HAL_GetUIDw1), (12 bytes).
    Removing stm32f1xx_hal.o(i.HAL_GetUIDw2), (12 bytes).
    Removing stm32f1xx_hal.o(i.HAL_MspDeInit), (2 bytes).
    Removing stm32f1xx_hal.o(i.HAL_MspInit), (2 bytes).
    Removing stm32f1xx_hal.o(i.HAL_ResumeTick), (14 bytes).
    Removing stm32f1xx_hal.o(i.HAL_SetTickFreq), (36 bytes).
    Removing stm32f1xx_hal.o(i.HAL_SuspendTick), (14 bytes).
    Removing stm32f1xx_hal_rcc.o(.rev16_text), (4 bytes).
    Removing stm32f1xx_hal_rcc.o(.revsh_text), (4 bytes).
    Removing stm32f1xx_hal_rcc.o(.rrx_text), (6 bytes).
    Removing stm32f1xx_hal_rcc.o(i.HAL_RCC_CSSCallback), (2 bytes).
    Removing stm32f1xx_hal_rcc.o(i.HAL_RCC_DeInit), (220 bytes).
    Removing stm32f1xx_hal_rcc.o(i.HAL_RCC_DisableCSS), (12 bytes).
    Removing stm32f1xx_hal_rcc.o(i.HAL_RCC_EnableCSS), (12 bytes).
    Removing stm32f1xx_hal_rcc.o(i.HAL_RCC_GetClockConfig), (64 bytes).
    Removing stm32f1xx_hal_rcc.o(i.HAL_RCC_GetHCLKFreq), (12 bytes).
    Removing stm32f1xx_hal_rcc.o(i.HAL_RCC_GetOscConfig), (144 bytes).
    Removing stm32f1xx_hal_rcc.o(i.HAL_RCC_MCOConfig), (72 bytes).
    Removing stm32f1xx_hal_rcc.o(i.HAL_RCC_NMI_IRQHandler), (24 bytes).
    Removing stm32f1xx_hal_rcc_ex.o(.rev16_text), (4 bytes).
    Removing stm32f1xx_hal_rcc_ex.o(.revsh_text), (4 bytes).
    Removing stm32f1xx_hal_rcc_ex.o(.rrx_text), (6 bytes).
    Removing stm32f1xx_hal_rcc_ex.o(i.HAL_RCCEx_GetPeriphCLKConfig), (44 bytes).
    Removing stm32f1xx_hal_rcc_ex.o(i.HAL_RCCEx_GetPeriphCLKFreq), (200 bytes).
    Removing stm32f1xx_hal_rcc_ex.o(i.HAL_RCCEx_PeriphCLKConfig), (236 bytes).
    Removing stm32f1xx_hal_gpio.o(.rev16_text), (4 bytes).
    Removing stm32f1xx_hal_gpio.o(.revsh_text), (4 bytes).
    Removing stm32f1xx_hal_gpio.o(.rrx_text), (6 bytes).
    Removing stm32f1xx_hal_gpio.o(i.HAL_GPIO_DeInit), (252 bytes).
    Removing stm32f1xx_hal_gpio.o(i.HAL_GPIO_EXTI_Callback), (2 bytes).
    Removing stm32f1xx_hal_gpio.o(i.HAL_GPIO_EXTI_IRQHandler), (24 bytes).
    Removing stm32f1xx_hal_gpio.o(i.HAL_GPIO_LockPin), (34 bytes).
    Removing stm32f1xx_hal_gpio.o(i.HAL_GPIO_ReadPin), (10 bytes).
    Removing stm32f1xx_hal_gpio.o(i.HAL_GPIO_TogglePin), (16 bytes).
    Removing stm32f1xx_hal_gpio.o(i.HAL_GPIO_WritePin), (10 bytes).
    Removing stm32f1xx_hal_dma.o(.rev16_text), (4 bytes).
    Removing stm32f1xx_hal_dma.o(.revsh_text), (4 bytes).
    Removing stm32f1xx_hal_dma.o(.rrx_text), (6 bytes).
    Removing stm32f1xx_hal_dma.o(i.DMA_SetConfig), (42 bytes).
    Removing stm32f1xx_hal_dma.o(i.HAL_DMA_Abort), (70 bytes).
    Removing stm32f1xx_hal_dma.o(i.HAL_DMA_Abort_IT), (152 bytes).
    Removing stm32f1xx_hal_dma.o(i.HAL_DMA_DeInit), (92 bytes).
    Removing stm32f1xx_hal_dma.o(i.HAL_DMA_GetError), (4 bytes).
    Removing stm32f1xx_hal_dma.o(i.HAL_DMA_GetState), (6 bytes).
    Removing stm32f1xx_hal_dma.o(i.HAL_DMA_IRQHandler), (340 bytes).
    Removing stm32f1xx_hal_dma.o(i.HAL_DMA_Init), (92 bytes).
    Removing stm32f1xx_hal_dma.o(i.HAL_DMA_PollForTransfer), (532 bytes).
    Removing stm32f1xx_hal_dma.o(i.HAL_DMA_RegisterCallback), (74 bytes).
    Removing stm32f1xx_hal_dma.o(i.HAL_DMA_Start), (80 bytes).
    Removing stm32f1xx_hal_dma.o(i.HAL_DMA_Start_IT), (112 bytes).
    Removing stm32f1xx_hal_dma.o(i.HAL_DMA_UnRegisterCallback), (82 bytes).
    Removing stm32f1xx_hal_cortex.o(.rev16_text), (4 bytes).
    Removing stm32f1xx_hal_cortex.o(.revsh_text), (4 bytes).
    Removing stm32f1xx_hal_cortex.o(.rrx_text), (6 bytes).
    Removing stm32f1xx_hal_cortex.o(i.HAL_NVIC_ClearPendingIRQ), (26 bytes).
    Removing stm32f1xx_hal_cortex.o(i.HAL_NVIC_DisableIRQ), (34 bytes).
    Removing stm32f1xx_hal_cortex.o(i.HAL_NVIC_EnableIRQ), (26 bytes).
    Removing stm32f1xx_hal_cortex.o(i.HAL_NVIC_GetActive), (36 bytes).
    Removing stm32f1xx_hal_cortex.o(i.HAL_NVIC_GetPendingIRQ), (36 bytes).
    Removing stm32f1xx_hal_cortex.o(i.HAL_NVIC_GetPriority), (82 bytes).
    Removing stm32f1xx_hal_cortex.o(i.HAL_NVIC_GetPriorityGrouping), (16 bytes).
    Removing stm32f1xx_hal_cortex.o(i.HAL_NVIC_SetPendingIRQ), (26 bytes).
    Removing stm32f1xx_hal_cortex.o(i.HAL_NVIC_SystemReset), (36 bytes).
    Removing stm32f1xx_hal_cortex.o(i.HAL_SYSTICK_CLKSourceConfig), (24 bytes).
    Removing stm32f1xx_hal_cortex.o(i.HAL_SYSTICK_Callback), (2 bytes).
    Removing stm32f1xx_hal_cortex.o(i.HAL_SYSTICK_IRQHandler), (8 bytes).
    Removing stm32f1xx_hal_pwr.o(.rev16_text), (4 bytes).
    Removing stm32f1xx_hal_pwr.o(.revsh_text), (4 bytes).
    Removing stm32f1xx_hal_pwr.o(.rrx_text), (6 bytes).
    Removing stm32f1xx_hal_pwr.o(i.HAL_PWR_ConfigPVD), (124 bytes).
    Removing stm32f1xx_hal_pwr.o(i.HAL_PWR_DeInit), (24 bytes).
    Removing stm32f1xx_hal_pwr.o(i.HAL_PWR_DisableBkUpAccess), (12 bytes).
    Removing stm32f1xx_hal_pwr.o(i.HAL_PWR_DisablePVD), (12 bytes).
    Removing stm32f1xx_hal_pwr.o(i.HAL_PWR_DisableSEVOnPend), (16 bytes).
    Removing stm32f1xx_hal_pwr.o(i.HAL_PWR_DisableSleepOnExit), (16 bytes).
    Removing stm32f1xx_hal_pwr.o(i.HAL_PWR_DisableWakeUpPin), (28 bytes).
    Removing stm32f1xx_hal_pwr.o(i.HAL_PWR_EnableBkUpAccess), (12 bytes).
    Removing stm32f1xx_hal_pwr.o(i.HAL_PWR_EnablePVD), (12 bytes).
    Removing stm32f1xx_hal_pwr.o(i.HAL_PWR_EnableSEVOnPend), (16 bytes).
    Removing stm32f1xx_hal_pwr.o(i.HAL_PWR_EnableSleepOnExit), (16 bytes).
    Removing stm32f1xx_hal_pwr.o(i.HAL_PWR_EnableWakeUpPin), (28 bytes).
    Removing stm32f1xx_hal_pwr.o(i.HAL_PWR_EnterSLEEPMode), (32 bytes).
    Removing stm32f1xx_hal_pwr.o(i.HAL_PWR_EnterSTANDBYMode), (32 bytes).
    Removing stm32f1xx_hal_pwr.o(i.HAL_PWR_EnterSTOPMode), (68 bytes).
    Removing stm32f1xx_hal_pwr.o(i.HAL_PWR_PVDCallback), (2 bytes).
    Removing stm32f1xx_hal_pwr.o(i.HAL_PWR_PVD_IRQHandler), (28 bytes).
    Removing stm32f1xx_hal_pwr.o(i.PWR_OverloadWfe), (6 bytes).
    Removing stm32f1xx_hal_flash.o(.rev16_text), (4 bytes).
    Removing stm32f1xx_hal_flash.o(.revsh_text), (4 bytes).
    Removing stm32f1xx_hal_flash.o(.rrx_text), (6 bytes).
    Removing stm32f1xx_hal_flash.o(i.FLASH_Program_HalfWord), (28 bytes).
    Removing stm32f1xx_hal_flash.o(i.FLASH_SetErrorCode), (92 bytes).
    Removing stm32f1xx_hal_flash.o(i.FLASH_WaitForLastOperation), (84 bytes).
    Removing stm32f1xx_hal_flash.o(i.HAL_FLASH_EndOfOperationCallback), (2 bytes).
    Removing stm32f1xx_hal_flash.o(i.HAL_FLASH_GetError), (12 bytes).
    Removing stm32f1xx_hal_flash.o(i.HAL_FLASH_IRQHandler), (264 bytes).
    Removing stm32f1xx_hal_flash.o(i.HAL_FLASH_Lock), (20 bytes).
    Removing stm32f1xx_hal_flash.o(i.HAL_FLASH_OB_Launch), (4 bytes).
    Removing stm32f1xx_hal_flash.o(i.HAL_FLASH_OB_Lock), (20 bytes).
    Removing stm32f1xx_hal_flash.o(i.HAL_FLASH_OB_Unlock), (36 bytes).
    Removing stm32f1xx_hal_flash.o(i.HAL_FLASH_OperationErrorCallback), (2 bytes).
    Removing stm32f1xx_hal_flash.o(i.HAL_FLASH_Program), (128 bytes).
    Removing stm32f1xx_hal_flash.o(i.HAL_FLASH_Program_IT), (100 bytes).
    Removing stm32f1xx_hal_flash.o(i.HAL_FLASH_Unlock), (40 bytes).
    Removing stm32f1xx_hal_flash.o(.bss), (32 bytes).
    Removing stm32f1xx_hal_flash_ex.o(.rev16_text), (4 bytes).
    Removing stm32f1xx_hal_flash_ex.o(.revsh_text), (4 bytes).
    Removing stm32f1xx_hal_flash_ex.o(.rrx_text), (6 bytes).
    Removing stm32f1xx_hal_flash_ex.o(i.FLASH_MassErase), (36 bytes).
    Removing stm32f1xx_hal_flash_ex.o(i.FLASH_OB_DisableWRP), (176 bytes).
    Removing stm32f1xx_hal_flash_ex.o(i.FLASH_OB_EnableWRP), (176 bytes).
    Removing stm32f1xx_hal_flash_ex.o(i.FLASH_OB_GetRDP), (24 bytes).
    Removing stm32f1xx_hal_flash_ex.o(i.FLASH_OB_RDP_LevelConfig), (100 bytes).
    Removing stm32f1xx_hal_flash_ex.o(i.FLASH_PageErase), (36 bytes).
    Removing stm32f1xx_hal_flash_ex.o(i.HAL_FLASHEx_Erase), (168 bytes).
    Removing stm32f1xx_hal_flash_ex.o(i.HAL_FLASHEx_Erase_IT), (84 bytes).
    Removing stm32f1xx_hal_flash_ex.o(i.HAL_FLASHEx_OBErase), (84 bytes).
    Removing stm32f1xx_hal_flash_ex.o(i.HAL_FLASHEx_OBGetConfig), (36 bytes).
    Removing stm32f1xx_hal_flash_ex.o(i.HAL_FLASHEx_OBGetUserData), (32 bytes).
    Removing stm32f1xx_hal_flash_ex.o(i.HAL_FLASHEx_OBProgram), (200 bytes).
    Removing stm32f1xx_hal_exti.o(.rev16_text), (4 bytes).
    Removing stm32f1xx_hal_exti.o(.revsh_text), (4 bytes).
    Removing stm32f1xx_hal_exti.o(.rrx_text), (6 bytes).
    Removing stm32f1xx_hal_exti.o(i.HAL_EXTI_ClearConfigLine), (104 bytes).
    Removing stm32f1xx_hal_exti.o(i.HAL_EXTI_ClearPending), (20 bytes).
    Removing stm32f1xx_hal_exti.o(i.HAL_EXTI_GenerateSWI), (20 bytes).
    Removing stm32f1xx_hal_exti.o(i.HAL_EXTI_GetConfigLine), (152 bytes).
    Removing stm32f1xx_hal_exti.o(i.HAL_EXTI_GetHandle), (12 bytes).
    Removing stm32f1xx_hal_exti.o(i.HAL_EXTI_GetPending), (24 bytes).
    Removing stm32f1xx_hal_exti.o(i.HAL_EXTI_IRQHandler), (36 bytes).
    Removing stm32f1xx_hal_exti.o(i.HAL_EXTI_RegisterCallback), (14 bytes).
    Removing stm32f1xx_hal_exti.o(i.HAL_EXTI_SetConfigLine), (164 bytes).
    Removing stm32f1xx_hal_tim.o(.rev16_text), (4 bytes).
    Removing stm32f1xx_hal_tim.o(.revsh_text), (4 bytes).
    Removing stm32f1xx_hal_tim.o(.rrx_text), (6 bytes).
    Removing stm32f1xx_hal_tim_ex.o(.rev16_text), (4 bytes).
    Removing stm32f1xx_hal_tim_ex.o(.revsh_text), (4 bytes).
    Removing stm32f1xx_hal_tim_ex.o(.rrx_text), (6 bytes).
    Removing stm32f1xx_hal_uart.o(.rev16_text), (4 bytes).
    Removing stm32f1xx_hal_uart.o(.revsh_text), (4 bytes).
    Removing stm32f1xx_hal_uart.o(.rrx_text), (6 bytes).
    Removing stm32f1xx_hal_uart.o(i.HAL_HalfDuplex_EnableReceiver), (50 bytes).
    Removing stm32f1xx_hal_uart.o(i.HAL_HalfDuplex_EnableTransmitter), (50 bytes).
    Removing stm32f1xx_hal_uart.o(i.HAL_HalfDuplex_Init), (108 bytes).
    Removing stm32f1xx_hal_uart.o(i.HAL_LIN_Init), (128 bytes).
    Removing stm32f1xx_hal_uart.o(i.HAL_LIN_SendBreak), (46 bytes).
    Removing stm32f1xx_hal_uart.o(i.HAL_MultiProcessor_EnterMuteMode), (46 bytes).
    Removing stm32f1xx_hal_uart.o(i.HAL_MultiProcessor_ExitMuteMode), (46 bytes).
    Removing stm32f1xx_hal_uart.o(i.HAL_MultiProcessor_Init), (142 bytes).
    Removing stm32f1xx_hal_uart.o(i.HAL_UART_Abort), (138 bytes).
    Removing stm32f1xx_hal_uart.o(i.HAL_UART_AbortCpltCallback), (2 bytes).
    Removing stm32f1xx_hal_uart.o(i.HAL_UART_AbortReceive), (88 bytes).
    Removing stm32f1xx_hal_uart.o(i.HAL_UART_AbortReceiveCpltCallback), (2 bytes).
    Removing stm32f1xx_hal_uart.o(i.HAL_UART_AbortReceive_IT), (92 bytes).
    Removing stm32f1xx_hal_uart.o(i.HAL_UART_AbortTransmit), (78 bytes).
    Removing stm32f1xx_hal_uart.o(i.HAL_UART_AbortTransmitCpltCallback), (2 bytes).
    Removing stm32f1xx_hal_uart.o(i.HAL_UART_AbortTransmit_IT), (84 bytes).
    Removing stm32f1xx_hal_uart.o(i.HAL_UART_Abort_IT), (172 bytes).
    Removing stm32f1xx_hal_uart.o(i.HAL_UART_DMAPause), (102 bytes).
    Removing stm32f1xx_hal_uart.o(i.HAL_UART_DMAResume), (94 bytes).
    Removing stm32f1xx_hal_uart.o(i.HAL_UART_DMAStop), (88 bytes).
    Removing stm32f1xx_hal_uart.o(i.HAL_UART_DeInit), (50 bytes).
    Removing stm32f1xx_hal_uart.o(i.HAL_UART_ErrorCallback), (2 bytes).
    Removing stm32f1xx_hal_uart.o(i.HAL_UART_GetError), (4 bytes).
    Removing stm32f1xx_hal_uart.o(i.HAL_UART_GetState), (10 bytes).
    Removing stm32f1xx_hal_uart.o(i.HAL_UART_IRQHandler), (348 bytes).
    Removing stm32f1xx_hal_uart.o(i.HAL_UART_MspDeInit), (2 bytes).
    Removing stm32f1xx_hal_uart.o(i.HAL_UART_MspInit), (2 bytes).
    Removing stm32f1xx_hal_uart.o(i.HAL_UART_Receive), (188 bytes).
    Removing stm32f1xx_hal_uart.o(i.HAL_UART_Receive_DMA), (152 bytes).
    Removing stm32f1xx_hal_uart.o(i.HAL_UART_Receive_IT), (82 bytes).
    Removing stm32f1xx_hal_uart.o(i.HAL_UART_RxCpltCallback), (2 bytes).
    Removing stm32f1xx_hal_uart.o(i.HAL_UART_RxHalfCpltCallback), (2 bytes).
    Removing stm32f1xx_hal_uart.o(i.HAL_UART_Transmit_DMA), (128 bytes).
    Removing stm32f1xx_hal_uart.o(i.HAL_UART_Transmit_IT), (62 bytes).
    Removing stm32f1xx_hal_uart.o(i.HAL_UART_TxCpltCallback), (2 bytes).
    Removing stm32f1xx_hal_uart.o(i.HAL_UART_TxHalfCpltCallback), (2 bytes).
    Removing stm32f1xx_hal_uart.o(i.UART_DMAAbortOnError), (16 bytes).
    Removing stm32f1xx_hal_uart.o(i.UART_DMAError), (74 bytes).
    Removing stm32f1xx_hal_uart.o(i.UART_DMAReceiveCplt), (60 bytes).
    Removing stm32f1xx_hal_uart.o(i.UART_DMARxAbortCallback), (42 bytes).
    Removing stm32f1xx_hal_uart.o(i.UART_DMARxHalfCplt), (10 bytes).
    Removing stm32f1xx_hal_uart.o(i.UART_DMARxOnlyAbortCallback), (20 bytes).
    Removing stm32f1xx_hal_uart.o(i.UART_DMATransmitCplt), (46 bytes).
    Removing stm32f1xx_hal_uart.o(i.UART_DMATxAbortCallback), (42 bytes).
    Removing stm32f1xx_hal_uart.o(i.UART_DMATxHalfCplt), (10 bytes).
    Removing stm32f1xx_hal_uart.o(i.UART_DMATxOnlyAbortCallback), (20 bytes).
    Removing stm32f1xx_hal_uart.o(i.UART_EndRxTransfer), (28 bytes).
    Removing stm32f1xx_hal_uart.o(i.UART_EndTxTransfer), (18 bytes).
    Removing stm32f1xx_hal_uart.o(i.UART_Receive_IT), (140 bytes).
    Removing system_stm32f1xx.o(.rev16_text), (4 bytes).
    Removing system_stm32f1xx.o(.revsh_text), (4 bytes).
    Removing system_stm32f1xx.o(.rrx_text), (6 bytes).
    Removing system_stm32f1xx.o(i.SystemCoreClockUpdate), (104 bytes).
    Removing cdcmple.o(.text), (48 bytes).

304 unused section(s) (total 22700 bytes) removed from the image.

==============================================================================

Image Symbol Table

    Local Symbols

    Symbol Name                              Value     Ov Type        Size  Object(Section)

    ../Core/Src/main.c                       0x00000000   Number         0  main.o ABSOLUTE
    ../Core/Src/stm32f1xx_hal_msp.c          0x00000000   Number         0  stm32f1xx_hal_msp.o ABSOLUTE
    ../Core/Src/stm32f1xx_it.c               0x00000000   Number         0  stm32f1xx_it.o ABSOLUTE
    ../Core/Src/system_stm32f1xx.c           0x00000000   Number         0  system_stm32f1xx.o ABSOLUTE
    ../Drivers/STM32F1xx_HAL_Driver/Src/stm32f1xx_hal.c 0x00000000   Number         0  stm32f1xx_hal.o ABSOLUTE
    ../Drivers/STM32F1xx_HAL_Driver/Src/stm32f1xx_hal_cortex.c 0x00000000   Number         0  stm32f1xx_hal_cortex.o ABSOLUTE
    ../Drivers/STM32F1xx_HAL_Driver/Src/stm32f1xx_hal_dma.c 0x00000000   Number         0  stm32f1xx_hal_dma.o ABSOLUTE
    ../Drivers/STM32F1xx_HAL_Driver/Src/stm32f1xx_hal_exti.c 0x00000000   Number         0  stm32f1xx_hal_exti.o ABSOLUTE
    ../Drivers/STM32F1xx_HAL_Driver/Src/stm32f1xx_hal_flash.c 0x00000000   Number         0  stm32f1xx_hal_flash.o ABSOLUTE
    ../Drivers/STM32F1xx_HAL_Driver/Src/stm32f1xx_hal_flash_ex.c 0x00000000   Number         0  stm32f1xx_hal_flash_ex.o ABSOLUTE
    ../Drivers/STM32F1xx_HAL_Driver/Src/stm32f1xx_hal_gpio.c 0x00000000   Number         0  stm32f1xx_hal_gpio.o ABSOLUTE
    ../Drivers/STM32F1xx_HAL_Driver/Src/stm32f1xx_hal_gpio_ex.c 0x00000000   Number         0  stm32f1xx_hal_gpio_ex.o ABSOLUTE
    ../Drivers/STM32F1xx_HAL_Driver/Src/stm32f1xx_hal_i2c.c 0x00000000   Number         0  stm32f1xx_hal_i2c.o ABSOLUTE
    ../Drivers/STM32F1xx_HAL_Driver/Src/stm32f1xx_hal_pwr.c 0x00000000   Number         0  stm32f1xx_hal_pwr.o ABSOLUTE
    ../Drivers/STM32F1xx_HAL_Driver/Src/stm32f1xx_hal_rcc.c 0x00000000   Number         0  stm32f1xx_hal_rcc.o ABSOLUTE
    ../Drivers/STM32F1xx_HAL_Driver/Src/stm32f1xx_hal_rcc_ex.c 0x00000000   Number         0  stm32f1xx_hal_rcc_ex.o ABSOLUTE
    ../Drivers/STM32F1xx_HAL_Driver/Src/stm32f1xx_hal_tim.c 0x00000000   Number         0  stm32f1xx_hal_tim.o ABSOLUTE
    ../Drivers/STM32F1xx_HAL_Driver/Src/stm32f1xx_hal_tim_ex.c 0x00000000   Number         0  stm32f1xx_hal_tim_ex.o ABSOLUTE
    ../Drivers/STM32F1xx_HAL_Driver/Src/stm32f1xx_hal_uart.c 0x00000000   Number         0  stm32f1xx_hal_uart.o ABSOLUTE
    ../clib/microlib/division.c              0x00000000   Number         0  uldiv.o ABSOLUTE
    ../clib/microlib/division.c              0x00000000   Number         0  uidiv.o ABSOLUTE
    ../clib/microlib/division.c              0x00000000   Number         0  ldiv.o ABSOLUTE
    ../clib/microlib/errno.c                 0x00000000   Number         0  errno.o ABSOLUTE
    ../clib/microlib/init/entry.s            0x00000000   Number         0  entry12a.o ABSOLUTE
    ../clib/microlib/init/entry.s            0x00000000   Number         0  entry10b.o ABSOLUTE
    ../clib/microlib/init/entry.s            0x00000000   Number         0  entry10a.o ABSOLUTE
    ../clib/microlib/init/entry.s            0x00000000   Number         0  entry12b.o ABSOLUTE
    ../clib/microlib/init/entry.s            0x00000000   Number         0  entry.o ABSOLUTE
    ../clib/microlib/init/entry.s            0x00000000   Number         0  entry7a.o ABSOLUTE
    ../clib/microlib/init/entry.s            0x00000000   Number         0  entry9b.o ABSOLUTE
    ../clib/microlib/init/entry.s            0x00000000   Number         0  entry9a.o ABSOLUTE
    ../clib/microlib/init/entry.s            0x00000000   Number         0  entry5.o ABSOLUTE
    ../clib/microlib/init/entry.s            0x00000000   Number         0  entry8a.o ABSOLUTE
    ../clib/microlib/init/entry.s            0x00000000   Number         0  entry7b.o ABSOLUTE
    ../clib/microlib/init/entry.s            0x00000000   Number         0  entry2.o ABSOLUTE
    ../clib/microlib/init/entry.s            0x00000000   Number         0  entry8b.o ABSOLUTE
    ../clib/microlib/init/entry.s            0x00000000   Number         0  entry11a.o ABSOLUTE
    ../clib/microlib/init/entry.s            0x00000000   Number         0  entry11b.o ABSOLUTE
    ../clib/microlib/longlong.c              0x00000000   Number         0  llshl.o ABSOLUTE
    ../clib/microlib/longlong.c              0x00000000   Number         0  llsshr.o ABSOLUTE
    ../clib/microlib/longlong.c              0x00000000   Number         0  llushr.o ABSOLUTE
    ../clib/microlib/printf/printf.c         0x00000000   Number         0  printf2.o ABSOLUTE
    ../clib/microlib/printf/printf.c         0x00000000   Number         0  printf1.o ABSOLUTE
    ../clib/microlib/printf/printf.c         0x00000000   Number         0  printf0.o ABSOLUTE
    ../clib/microlib/printf/printf.c         0x00000000   Number         0  printf4.o ABSOLUTE
    ../clib/microlib/printf/printf.c         0x00000000   Number         0  printfa.o ABSOLUTE
    ../clib/microlib/printf/printf.c         0x00000000   Number         0  printf8.o ABSOLUTE
    ../clib/microlib/printf/printf.c         0x00000000   Number         0  printf7.o ABSOLUTE
    ../clib/microlib/printf/printf.c         0x00000000   Number         0  printf6.o ABSOLUTE
    ../clib/microlib/printf/printf.c         0x00000000   Number         0  printf5.o ABSOLUTE
    ../clib/microlib/printf/printf.c         0x00000000   Number         0  printfb.o ABSOLUTE
    ../clib/microlib/printf/printf.c         0x00000000   Number         0  printf3.o ABSOLUTE
    ../clib/microlib/printf/stubs.s          0x00000000   Number         0  stubs.o ABSOLUTE
    ../clib/microlib/stdio/fputc.c           0x00000000   Number         0  fputc.o ABSOLUTE
    ../clib/microlib/stdio/semi.s            0x00000000   Number         0  semi.o ABSOLUTE
    ../clib/microlib/stdio/streams.c         0x00000000   Number         0  stdout.o ABSOLUTE
    ../clib/microlib/string/memset.c         0x00000000   Number         0  memseta.o ABSOLUTE
    ../clib/microlib/stubs.s                 0x00000000   Number         0  iusefp.o ABSOLUTE
    ../clib/microlib/stubs.s                 0x00000000   Number         0  iusesemip.o ABSOLUTE
    ../fplib/microlib/d2f.c                  0x00000000   Number         0  d2f.o ABSOLUTE
    ../fplib/microlib/f2d.c                  0x00000000   Number         0  f2d.o ABSOLUTE
    ../fplib/microlib/fpadd.c                0x00000000   Number         0  dadd.o ABSOLUTE
    ../fplib/microlib/fpdiv.c                0x00000000   Number         0  ddiv.o ABSOLUTE
    ../fplib/microlib/fpdiv.c                0x00000000   Number         0  fdiv.o ABSOLUTE
    ../fplib/microlib/fpepilogue.c           0x00000000   Number         0  depilogue.o ABSOLUTE
    ../fplib/microlib/fpepilogue.c           0x00000000   Number         0  fepilogue.o ABSOLUTE
    ../fplib/microlib/fpfix.c                0x00000000   Number         0  dfixul.o ABSOLUTE
    ../fplib/microlib/fpfix.c                0x00000000   Number         0  dfixi.o ABSOLUTE
    ../fplib/microlib/fpfix.c                0x00000000   Number         0  dfixui.o ABSOLUTE
    ../fplib/microlib/fpflt.c                0x00000000   Number         0  dfltui.o ABSOLUTE
    ../fplib/microlib/fpflt.c                0x00000000   Number         0  dflti.o ABSOLUTE
    ../fplib/microlib/fpflt.c                0x00000000   Number         0  ffltui.o ABSOLUTE
    ../fplib/microlib/fpflt.c                0x00000000   Number         0  fflti.o ABSOLUTE
    ../fplib/microlib/fpmul.c                0x00000000   Number         0  dmul.o ABSOLUTE
    ../fplib/microlib/fpscalb.c              0x00000000   Number         0  dscalb.o ABSOLUTE
    ../fplib/microlib/fpscalb.c              0x00000000   Number         0  fscalb.o ABSOLUTE
    ../fplib/microlib/fpsqrt.c               0x00000000   Number         0  dsqrt.o ABSOLUTE
    ../mathlib/dunder.c                      0x00000000   Number         0  dunder.o ABSOLUTE
    ../mathlib/fpclassify.c                  0x00000000   Number         0  fpclassify.o ABSOLUTE
    ../mathlib/poly.c                        0x00000000   Number         0  poly.o ABSOLUTE
    ../mathlib/pow.c                         0x00000000   Number         0  pow_x.o ABSOLUTE
    ../mathlib/pow.c                         0x00000000   Number         0  pow.o ABSOLUTE
    ../mathlib/qnan.c                        0x00000000   Number         0  qnan.o ABSOLUTE
    ../mathlib/sqrt.c                        0x00000000   Number         0  sqrt.o ABSOLUTE
    ../mathlib/sqrt.c                        0x00000000   Number         0  sqrt_x.o ABSOLUTE
    ..\Core\Src\main.c                       0x00000000   Number         0  main.o ABSOLUTE
    ..\Core\Src\stm32f1xx_hal_msp.c          0x00000000   Number         0  stm32f1xx_hal_msp.o ABSOLUTE
    ..\Core\Src\stm32f1xx_it.c               0x00000000   Number         0  stm32f1xx_it.o ABSOLUTE
    ..\Core\Src\system_stm32f1xx.c           0x00000000   Number         0  system_stm32f1xx.o ABSOLUTE
    ..\Drivers\STM32F1xx_HAL_Driver\Src\BMP180.c 0x00000000   Number         0  bmp180.o ABSOLUTE
    ..\Drivers\STM32F1xx_HAL_Driver\Src\bmp280.c 0x00000000   Number         0  bmp280.o ABSOLUTE
    ..\Drivers\STM32F1xx_HAL_Driver\Src\stm32f1xx_hal.c 0x00000000   Number         0  stm32f1xx_hal.o ABSOLUTE
    ..\Drivers\STM32F1xx_HAL_Driver\Src\stm32f1xx_hal_cortex.c 0x00000000   Number         0  stm32f1xx_hal_cortex.o ABSOLUTE
    ..\Drivers\STM32F1xx_HAL_Driver\Src\stm32f1xx_hal_dma.c 0x00000000   Number         0  stm32f1xx_hal_dma.o ABSOLUTE
    ..\Drivers\STM32F1xx_HAL_Driver\Src\stm32f1xx_hal_exti.c 0x00000000   Number         0  stm32f1xx_hal_exti.o ABSOLUTE
    ..\Drivers\STM32F1xx_HAL_Driver\Src\stm32f1xx_hal_flash.c 0x00000000   Number         0  stm32f1xx_hal_flash.o ABSOLUTE
    ..\Drivers\STM32F1xx_HAL_Driver\Src\stm32f1xx_hal_flash_ex.c 0x00000000   Number         0  stm32f1xx_hal_flash_ex.o ABSOLUTE
    ..\Drivers\STM32F1xx_HAL_Driver\Src\stm32f1xx_hal_gpio.c 0x00000000   Number         0  stm32f1xx_hal_gpio.o ABSOLUTE
    ..\Drivers\STM32F1xx_HAL_Driver\Src\stm32f1xx_hal_gpio_ex.c 0x00000000   Number         0  stm32f1xx_hal_gpio_ex.o ABSOLUTE
    ..\Drivers\STM32F1xx_HAL_Driver\Src\stm32f1xx_hal_i2c.c 0x00000000   Number         0  stm32f1xx_hal_i2c.o ABSOLUTE
    ..\Drivers\STM32F1xx_HAL_Driver\Src\stm32f1xx_hal_pwr.c 0x00000000   Number         0  stm32f1xx_hal_pwr.o ABSOLUTE
    ..\Drivers\STM32F1xx_HAL_Driver\Src\stm32f1xx_hal_rcc.c 0x00000000   Number         0  stm32f1xx_hal_rcc.o ABSOLUTE
    ..\Drivers\STM32F1xx_HAL_Driver\Src\stm32f1xx_hal_rcc_ex.c 0x00000000   Number         0  stm32f1xx_hal_rcc_ex.o ABSOLUTE
    ..\Drivers\STM32F1xx_HAL_Driver\Src\stm32f1xx_hal_tim.c 0x00000000   Number         0  stm32f1xx_hal_tim.o ABSOLUTE
    ..\Drivers\STM32F1xx_HAL_Driver\Src\stm32f1xx_hal_tim_ex.c 0x00000000   Number         0  stm32f1xx_hal_tim_ex.o ABSOLUTE
    ..\Drivers\STM32F1xx_HAL_Driver\Src\stm32f1xx_hal_uart.c 0x00000000   Number         0  stm32f1xx_hal_uart.o ABSOLUTE
    ..\\Drivers\\STM32F1xx_HAL_Driver\\Src\\BMP180.c 0x00000000   Number         0  bmp180.o ABSOLUTE
    ..\\Drivers\\STM32F1xx_HAL_Driver\\Src\\bmp280.c 0x00000000   Number         0  bmp280.o ABSOLUTE
    cdcmple.s                                0x00000000   Number         0  cdcmple.o ABSOLUTE
    cdrcmple.s                               0x00000000   Number         0  cdrcmple.o ABSOLUTE
    dc.s                                     0x00000000   Number         0  dc.o ABSOLUTE
    handlers.s                               0x00000000   Number         0  handlers.o ABSOLUTE
    init.s                                   0x00000000   Number         0  init.o ABSOLUTE
    startup_stm32f103xb.s                    0x00000000   Number         0  startup_stm32f103xb.o ABSOLUTE
    RESET                                    0x08000000   Section      236  startup_stm32f103xb.o(RESET)
    .ARM.Collect$$$$00000000                 0x080000ec   Section        0  entry.o(.ARM.Collect$$$$00000000)
    .ARM.Collect$$$$00000001                 0x080000ec   Section        4  entry2.o(.ARM.Collect$$$$00000001)
    .ARM.Collect$$$$00000004                 0x080000f0   Section        4  entry5.o(.ARM.Collect$$$$00000004)
    .ARM.Collect$$$$00000008                 0x080000f4   Section        0  entry7b.o(.ARM.Collect$$$$00000008)
    .ARM.Collect$$$$0000000A                 0x080000f4   Section        0  entry8b.o(.ARM.Collect$$$$0000000A)
    .ARM.Collect$$$$0000000B                 0x080000f4   Section        8  entry9a.o(.ARM.Collect$$$$0000000B)
    .ARM.Collect$$$$0000000E                 0x080000fc   Section        4  entry12b.o(.ARM.Collect$$$$0000000E)
    .ARM.Collect$$$$0000000F                 0x08000100   Section        0  entry10a.o(.ARM.Collect$$$$0000000F)
    .ARM.Collect$$$$00000011                 0x08000100   Section        0  entry11a.o(.ARM.Collect$$$$00000011)
    .ARM.Collect$$$$00002712                 0x08000100   Section        4  entry2.o(.ARM.Collect$$$$00002712)
    __lit__00000000                          0x08000100   Data           4  entry2.o(.ARM.Collect$$$$00002712)
    .text                                    0x08000104   Section       36  startup_stm32f103xb.o(.text)
    .text                                    0x08000128   Section        0  ldiv.o(.text)
    .text                                    0x0800018a   Section        0  llushr.o(.text)
    .text                                    0x080001aa   Section        0  memseta.o(.text)
    .text                                    0x080001ce   Section        0  fdiv.o(.text)
    .text                                    0x0800024a   Section        0  fscalb.o(.text)
    .text                                    0x08000262   Section        0  dadd.o(.text)
    .text                                    0x080003b0   Section        0  dmul.o(.text)
    .text                                    0x08000494   Section        0  ddiv.o(.text)
    .text                                    0x08000572   Section        0  fflti.o(.text)
    .text                                    0x08000584   Section        0  ffltui.o(.text)
    .text                                    0x0800058e   Section        0  dflti.o(.text)
    .text                                    0x080005b0   Section        0  dfltui.o(.text)
    .text                                    0x080005ca   Section        0  dfixi.o(.text)
    .text                                    0x08000608   Section        0  dfixui.o(.text)
    .text                                    0x0800063a   Section        0  f2d.o(.text)
    .text                                    0x08000660   Section        0  d2f.o(.text)
    .text                                    0x08000698   Section        0  uidiv.o(.text)
    .text                                    0x080006c4   Section        0  uldiv.o(.text)
    .text                                    0x08000726   Section        0  llshl.o(.text)
    .text                                    0x08000744   Section        0  llsshr.o(.text)
    .text                                    0x08000768   Section        0  iusefp.o(.text)
    .text                                    0x08000768   Section        0  fepilogue.o(.text)
    .text                                    0x080007d6   Section        0  depilogue.o(.text)
    .text                                    0x08000890   Section        0  dscalb.o(.text)
    .text                                    0x080008be   Section        0  dfixul.o(.text)
    .text                                    0x080008f0   Section       48  cdrcmple.o(.text)
    .text                                    0x08000920   Section       36  init.o(.text)
    .text                                    0x08000944   Section        0  dsqrt.o(.text)
    i.BMP180_GetAlt                          0x080009e8   Section        0  bmp180.o(i.BMP180_GetAlt)
    i.BMP180_GetPress                        0x08000a38   Section        0  bmp180.o(i.BMP180_GetPress)
    i.BMP180_GetTemp                         0x08000c60   Section        0  bmp180.o(i.BMP180_GetTemp)
    i.BMP180_Start                           0x08000d04   Section        0  bmp180.o(i.BMP180_Start)
    i.BusFault_Handler                       0x08000d08   Section        0  stm32f1xx_it.o(i.BusFault_Handler)
    i.DebugMon_Handler                       0x08000d0a   Section        0  stm32f1xx_it.o(i.DebugMon_Handler)
    i.Get_UPress                             0x08000d0c   Section        0  bmp180.o(i.Get_UPress)
    i.Get_UTemp                              0x08000d94   Section        0  bmp180.o(i.Get_UTemp)
    i.HAL_Delay                              0x08000df0   Section        0  stm32f1xx_hal.o(i.HAL_Delay)
    i.HAL_GPIO_Init                          0x08000e14   Section        0  stm32f1xx_hal_gpio.o(i.HAL_GPIO_Init)
    i.HAL_GetTick                            0x08000ff4   Section        0  stm32f1xx_hal.o(i.HAL_GetTick)
    i.HAL_I2C_Init                           0x08001000   Section        0  stm32f1xx_hal_i2c.o(i.HAL_I2C_Init)
    i.HAL_I2C_Mem_Read                       0x08001188   Section        0  stm32f1xx_hal_i2c.o(i.HAL_I2C_Mem_Read)
    i.HAL_I2C_Mem_Write                      0x080013d8   Section        0  stm32f1xx_hal_i2c.o(i.HAL_I2C_Mem_Write)
    i.HAL_I2C_MspInit                        0x08001508   Section        0  stm32f1xx_hal_msp.o(i.HAL_I2C_MspInit)
    i.HAL_IncTick                            0x080015a0   Section        0  stm32f1xx_hal.o(i.HAL_IncTick)
    i.HAL_Init                               0x080015b0   Section        0  stm32f1xx_hal.o(i.HAL_Init)
    i.HAL_InitTick                           0x080015d4   Section        0  stm32f1xx_hal.o(i.HAL_InitTick)
    i.HAL_MspInit                            0x08001614   Section        0  stm32f1xx_hal_msp.o(i.HAL_MspInit)
    i.HAL_NVIC_SetPriority                   0x08001650   Section        0  stm32f1xx_hal_cortex.o(i.HAL_NVIC_SetPriority)
    i.HAL_NVIC_SetPriorityGrouping           0x08001690   Section        0  stm32f1xx_hal_cortex.o(i.HAL_NVIC_SetPriorityGrouping)
    i.HAL_RCC_ClockConfig                    0x080016b4   Section        0  stm32f1xx_hal_rcc.o(i.HAL_RCC_ClockConfig)
    i.HAL_RCC_GetPCLK1Freq                   0x080017e0   Section        0  stm32f1xx_hal_rcc.o(i.HAL_RCC_GetPCLK1Freq)
    i.HAL_RCC_GetPCLK2Freq                   0x08001800   Section        0  stm32f1xx_hal_rcc.o(i.HAL_RCC_GetPCLK2Freq)
    i.HAL_RCC_GetSysClockFreq                0x08001820   Section        0  stm32f1xx_hal_rcc.o(i.HAL_RCC_GetSysClockFreq)
    i.HAL_RCC_OscConfig                      0x0800188c   Section        0  stm32f1xx_hal_rcc.o(i.HAL_RCC_OscConfig)
    i.HAL_SYSTICK_Config                     0x08001bac   Section        0  stm32f1xx_hal_cortex.o(i.HAL_SYSTICK_Config)
    i.HAL_UART_Init                          0x08001bd4   Section        0  stm32f1xx_hal_uart.o(i.HAL_UART_Init)
    i.HAL_UART_MspInit                       0x08001c38   Section        0  stm32f1xx_hal_msp.o(i.HAL_UART_MspInit)
    i.HAL_UART_Transmit                      0x08001ca8   Section        0  stm32f1xx_hal_uart.o(i.HAL_UART_Transmit)
    i.HardFault_Handler                      0x08001d5a   Section        0  stm32f1xx_it.o(i.HardFault_Handler)
    i.I2C_IsAcknowledgeFailed                0x08001d5c   Section        0  stm32f1xx_hal_i2c.o(i.I2C_IsAcknowledgeFailed)
    I2C_IsAcknowledgeFailed                  0x08001d5d   Thumb Code    46  stm32f1xx_hal_i2c.o(i.I2C_IsAcknowledgeFailed)
    i.I2C_RequestMemoryRead                  0x08001d8c   Section        0  stm32f1xx_hal_i2c.o(i.I2C_RequestMemoryRead)
    I2C_RequestMemoryRead                    0x08001d8d   Thumb Code   246  stm32f1xx_hal_i2c.o(i.I2C_RequestMemoryRead)
    i.I2C_RequestMemoryWrite                 0x08001e88   Section        0  stm32f1xx_hal_i2c.o(i.I2C_RequestMemoryWrite)
    I2C_RequestMemoryWrite                   0x08001e89   Thumb Code   162  stm32f1xx_hal_i2c.o(i.I2C_RequestMemoryWrite)
    i.I2C_WaitOnBTFFlagUntilTimeout          0x08001f30   Section        0  stm32f1xx_hal_i2c.o(i.I2C_WaitOnBTFFlagUntilTimeout)
    I2C_WaitOnBTFFlagUntilTimeout            0x08001f31   Thumb Code    76  stm32f1xx_hal_i2c.o(i.I2C_WaitOnBTFFlagUntilTimeout)
    i.I2C_WaitOnFlagUntilTimeout             0x08001f7c   Section        0  stm32f1xx_hal_i2c.o(i.I2C_WaitOnFlagUntilTimeout)
    I2C_WaitOnFlagUntilTimeout               0x08001f7d   Thumb Code   104  stm32f1xx_hal_i2c.o(i.I2C_WaitOnFlagUntilTimeout)
    i.I2C_WaitOnMasterAddressFlagUntilTimeout 0x08001fe4   Section        0  stm32f1xx_hal_i2c.o(i.I2C_WaitOnMasterAddressFlagUntilTimeout)
    I2C_WaitOnMasterAddressFlagUntilTimeout  0x08001fe5   Thumb Code   150  stm32f1xx_hal_i2c.o(i.I2C_WaitOnMasterAddressFlagUntilTimeout)
    i.I2C_WaitOnRXNEFlagUntilTimeout         0x0800207a   Section        0  stm32f1xx_hal_i2c.o(i.I2C_WaitOnRXNEFlagUntilTimeout)
    I2C_WaitOnRXNEFlagUntilTimeout           0x0800207b   Thumb Code   102  stm32f1xx_hal_i2c.o(i.I2C_WaitOnRXNEFlagUntilTimeout)
    i.I2C_WaitOnTXEFlagUntilTimeout          0x080020e0   Section        0  stm32f1xx_hal_i2c.o(i.I2C_WaitOnTXEFlagUntilTimeout)
    I2C_WaitOnTXEFlagUntilTimeout            0x080020e1   Thumb Code    76  stm32f1xx_hal_i2c.o(i.I2C_WaitOnTXEFlagUntilTimeout)
    i.MemManage_Handler                      0x0800212c   Section        0  stm32f1xx_it.o(i.MemManage_Handler)
    i.NMI_Handler                            0x0800212e   Section        0  stm32f1xx_it.o(i.NMI_Handler)
    i.PendSV_Handler                         0x08002130   Section        0  stm32f1xx_it.o(i.PendSV_Handler)
    i.SVC_Handler                            0x08002132   Section        0  stm32f1xx_it.o(i.SVC_Handler)
    i.SysTick_Handler                        0x08002134   Section        0  stm32f1xx_it.o(i.SysTick_Handler)
    i.SystemClock_Config                     0x08002138   Section        0  main.o(i.SystemClock_Config)
    i.SystemInit                             0x08002196   Section        0  system_stm32f1xx.o(i.SystemInit)
    i.UART_SetConfig                         0x08002198   Section        0  stm32f1xx_hal_uart.o(i.UART_SetConfig)
    UART_SetConfig                           0x08002199   Thumb Code   178  stm32f1xx_hal_uart.o(i.UART_SetConfig)
    i.UART_WaitOnFlagUntilTimeout            0x08002250   Section        0  stm32f1xx_hal_uart.o(i.UART_WaitOnFlagUntilTimeout)
    UART_WaitOnFlagUntilTimeout              0x08002251   Thumb Code   100  stm32f1xx_hal_uart.o(i.UART_WaitOnFlagUntilTimeout)
    i.UsageFault_Handler                     0x080022b4   Section        0  stm32f1xx_it.o(i.UsageFault_Handler)
    i.__0sprintf                             0x080022b8   Section        0  printfa.o(i.__0sprintf)
    i.__ARM_fpclassify                       0x080022e0   Section        0  fpclassify.o(i.__ARM_fpclassify)
    i.__NVIC_SetPriority                     0x08002308   Section        0  stm32f1xx_hal_cortex.o(i.__NVIC_SetPriority)
    __NVIC_SetPriority                       0x08002309   Thumb Code    32  stm32f1xx_hal_cortex.o(i.__NVIC_SetPriority)
    i.__kernel_poly                          0x08002328   Section        0  poly.o(i.__kernel_poly)
    i.__mathlib_dbl_divzero                  0x080023d4   Section        0  dunder.o(i.__mathlib_dbl_divzero)
    i.__mathlib_dbl_infnan2                  0x080023e4   Section        0  dunder.o(i.__mathlib_dbl_infnan2)
    i.__mathlib_dbl_invalid                  0x080023e8   Section        0  dunder.o(i.__mathlib_dbl_invalid)
    i.__mathlib_dbl_overflow                 0x080023f4   Section        0  dunder.o(i.__mathlib_dbl_overflow)
    i.__mathlib_dbl_underflow                0x08002404   Section        0  dunder.o(i.__mathlib_dbl_underflow)
    i.__scatterload_copy                     0x08002414   Section       14  handlers.o(i.__scatterload_copy)
    i.__scatterload_null                     0x08002422   Section        2  handlers.o(i.__scatterload_null)
    i.__scatterload_zeroinit                 0x08002424   Section       14  handlers.o(i.__scatterload_zeroinit)
    i.__set_errno                            0x08002434   Section        0  errno.o(i.__set_errno)
    i._fp_digits                             0x08002440   Section        0  printfa.o(i._fp_digits)
    _fp_digits                               0x08002441   Thumb Code   366  printfa.o(i._fp_digits)
    i._printf_core                           0x080025c4   Section        0  printfa.o(i._printf_core)
    _printf_core                             0x080025c5   Thumb Code  1704  printfa.o(i._printf_core)
    i._printf_post_padding                   0x08002c78   Section        0  printfa.o(i._printf_post_padding)
    _printf_post_padding                     0x08002c79   Thumb Code    36  printfa.o(i._printf_post_padding)
    i._printf_pre_padding                    0x08002c9c   Section        0  printfa.o(i._printf_pre_padding)
    _printf_pre_padding                      0x08002c9d   Thumb Code    46  printfa.o(i._printf_pre_padding)
    i._sputc                                 0x08002cca   Section        0  printfa.o(i._sputc)
    _sputc                                   0x08002ccb   Thumb Code    10  printfa.o(i._sputc)
    i.bmp280_init                            0x08002cd4   Section        0  bmp280.o(i.bmp280_init)
    i.bmp280_init_default_params             0x08002d9c   Section        0  bmp280.o(i.bmp280_init_default_params)
    i.bmp280_read_fixed                      0x08002dae   Section        0  bmp280.o(i.bmp280_read_fixed)
    i.bmp280_read_float                      0x08002ebc   Section        0  bmp280.o(i.bmp280_read_float)
    i.compensate_pressure                    0x08002f10   Section        0  bmp280.o(i.compensate_pressure)
    compensate_pressure                      0x08002f11   Thumb Code   340  bmp280.o(i.compensate_pressure)
    i.main                                   0x08003068   Section        0  main.o(i.main)
    i.pow                                    0x0800337c   Section        0  pow.o(i.pow)
    i.read_calibration_data                  0x08003d54   Section        0  bmp280.o(i.read_calibration_data)
    read_calibration_data                    0x08003d55   Thumb Code   176  bmp280.o(i.read_calibration_data)
    i.read_calliberation_data                0x08003e04   Section        0  bmp180.o(i.read_calliberation_data)
    i.read_data                              0x08003e90   Section        0  bmp280.o(i.read_data)
    read_data                                0x08003e91   Thumb Code    42  bmp280.o(i.read_data)
    i.read_hum_calibration_data              0x08003eba   Section        0  bmp280.o(i.read_hum_calibration_data)
    read_hum_calibration_data                0x08003ebb   Thumb Code   120  bmp280.o(i.read_hum_calibration_data)
    i.read_register16                        0x08003f32   Section        0  bmp280.o(i.read_register16)
    read_register16                          0x08003f33   Thumb Code    56  bmp280.o(i.read_register16)
    i.sqrt                                   0x08003f6a   Section        0  sqrt.o(i.sqrt)
    i.write_register8                        0x08003fb6   Section        0  bmp280.o(i.write_register8)
    write_register8                          0x08003fb7   Thumb Code    46  bmp280.o(i.write_register8)
    .constdata                               0x08003fe4   Section       16  system_stm32f1xx.o(.constdata)
    .constdata                               0x08003ff4   Section        8  system_stm32f1xx.o(.constdata)
    .constdata                               0x08004000   Section      136  pow.o(.constdata)
    bp                                       0x08004000   Data          16  pow.o(.constdata)
    dp_h                                     0x08004010   Data          16  pow.o(.constdata)
    dp_l                                     0x08004020   Data          16  pow.o(.constdata)
    L                                        0x08004030   Data          48  pow.o(.constdata)
    P                                        0x08004060   Data          40  pow.o(.constdata)
    .constdata                               0x08004088   Section        8  qnan.o(.constdata)
    .conststring                             0x08004090   Section      175  main.o(.conststring)
    .data                                    0x20000000   Section       48  main.o(.data)
    .data                                    0x20000030   Section       72  bmp180.o(.data)
    .data                                    0x20000078   Section       12  stm32f1xx_hal.o(.data)
    .data                                    0x20000084   Section        4  system_stm32f1xx.o(.data)
    .data                                    0x20000088   Section        4  errno.o(.data)
    _errno                                   0x20000088   Data           4  errno.o(.data)
    .bss                                     0x2000008c   Section      540  main.o(.bss)
    STACK                                    0x200002a8   Section     1024  startup_stm32f103xb.o(STACK)

    Global Symbols

    Symbol Name                              Value     Ov Type        Size  Object(Section)

    BuildAttributes$$THM_ISAv4$P$D$K$B$S$PE$A:L22UL41UL21$X:L11$S22US41US21$IEEE1$IW$USESV6$~STKCKD$USESV7$~SHL$OTIME$ROPI$IEEEX$EBA8$MICROLIB$REQ8$PRES8$EABIv2 0x00000000   Number         0  anon$$obj.o ABSOLUTE
    __ARM_use_no_argv                        0x00000000   Number         0  main.o ABSOLUTE
    _printf_a                                0x00000000   Number         0  stubs.o ABSOLUTE
    _printf_c                                0x00000000   Number         0  stubs.o ABSOLUTE
    _printf_charcount                        0x00000000   Number         0  stubs.o ABSOLUTE
    _printf_d                                0x00000000   Number         0  stubs.o ABSOLUTE
    _printf_e                                0x00000000   Number         0  stubs.o ABSOLUTE
    _printf_f                                0x00000000   Number         0  stubs.o ABSOLUTE
    _printf_flags                            0x00000000   Number         0  stubs.o ABSOLUTE
    _printf_fp_dec                           0x00000000   Number         0  stubs.o ABSOLUTE
    _printf_fp_hex                           0x00000000   Number         0  stubs.o ABSOLUTE
    _printf_g                                0x00000000   Number         0  stubs.o ABSOLUTE
    _printf_i                                0x00000000   Number         0  stubs.o ABSOLUTE
    _printf_int_dec                          0x00000000   Number         0  stubs.o ABSOLUTE
    _printf_l                                0x00000000   Number         0  stubs.o ABSOLUTE
    _printf_lc                               0x00000000   Number         0  stubs.o ABSOLUTE
    _printf_ll                               0x00000000   Number         0  stubs.o ABSOLUTE
    _printf_lld                              0x00000000   Number         0  stubs.o ABSOLUTE
    _printf_lli                              0x00000000   Number         0  stubs.o ABSOLUTE
    _printf_llo                              0x00000000   Number         0  stubs.o ABSOLUTE
    _printf_llu                              0x00000000   Number         0  stubs.o ABSOLUTE
    _printf_llx                              0x00000000   Number         0  stubs.o ABSOLUTE
    _printf_longlong_dec                     0x00000000   Number         0  stubs.o ABSOLUTE
    _printf_longlong_hex                     0x00000000   Number         0  stubs.o ABSOLUTE
    _printf_longlong_oct                     0x00000000   Number         0  stubs.o ABSOLUTE
    _printf_ls                               0x00000000   Number         0  stubs.o ABSOLUTE
    _printf_mbtowc                           0x00000000   Number         0  stubs.o ABSOLUTE
    _printf_n                                0x00000000   Number         0  stubs.o ABSOLUTE
    _printf_o                                0x00000000   Number         0  stubs.o ABSOLUTE
    _printf_p                                0x00000000   Number         0  stubs.o ABSOLUTE
    _printf_percent                          0x00000000   Number         0  stubs.o ABSOLUTE
    _printf_pre_padding                      0x00000000   Number         0  stubs.o ABSOLUTE
    _printf_return_value                     0x00000000   Number         0  stubs.o ABSOLUTE
    _printf_s                                0x00000000   Number         0  stubs.o ABSOLUTE
    _printf_sizespec                         0x00000000   Number         0  stubs.o ABSOLUTE
    _printf_str                              0x00000000   Number         0  stubs.o ABSOLUTE
    _printf_truncate_signed                  0x00000000   Number         0  stubs.o ABSOLUTE
    _printf_truncate_unsigned                0x00000000   Number         0  stubs.o ABSOLUTE
    _printf_u                                0x00000000   Number         0  stubs.o ABSOLUTE
    _printf_wc                               0x00000000   Number         0  stubs.o ABSOLUTE
    _printf_wctomb                           0x00000000   Number         0  stubs.o ABSOLUTE
    _printf_widthprec                        0x00000000   Number         0  stubs.o ABSOLUTE
    _printf_x                                0x00000000   Number         0  stubs.o ABSOLUTE
    __arm_fini_                               - Undefined Weak Reference
    __cpp_initialize__aeabi_                  - Undefined Weak Reference
    __cxa_finalize                            - Undefined Weak Reference
    __decompress                              - Undefined Weak Reference
    _clock_init                               - Undefined Weak Reference
    _microlib_exit                            - Undefined Weak Reference
    __Vectors_Size                           0x000000ec   Number         0  startup_stm32f103xb.o ABSOLUTE
    __Vectors                                0x08000000   Data           4  startup_stm32f103xb.o(RESET)
    __Vectors_End                            0x080000ec   Data           0  startup_stm32f103xb.o(RESET)
    __main                                   0x080000ed   Thumb Code     0  entry.o(.ARM.Collect$$$$00000000)
    _main_stk                                0x080000ed   Thumb Code     0  entry2.o(.ARM.Collect$$$$00000001)
    _main_scatterload                        0x080000f1   Thumb Code     0  entry5.o(.ARM.Collect$$$$00000004)
    __main_after_scatterload                 0x080000f5   Thumb Code     0  entry5.o(.ARM.Collect$$$$00000004)
    _main_clock                              0x080000f5   Thumb Code     0  entry7b.o(.ARM.Collect$$$$00000008)
    _main_cpp_init                           0x080000f5   Thumb Code     0  entry8b.o(.ARM.Collect$$$$0000000A)
    _main_init                               0x080000f5   Thumb Code     0  entry9a.o(.ARM.Collect$$$$0000000B)
    __rt_lib_shutdown_fini                   0x080000fd   Thumb Code     0  entry12b.o(.ARM.Collect$$$$0000000E)
    __rt_final_cpp                           0x08000101   Thumb Code     0  entry10a.o(.ARM.Collect$$$$0000000F)
    __rt_final_exit                          0x08000101   Thumb Code     0  entry11a.o(.ARM.Collect$$$$00000011)
    Reset_Handler                            0x08000105   Thumb Code     8  startup_stm32f103xb.o(.text)
    ADC1_2_IRQHandler                        0x0800011f   Thumb Code     0  startup_stm32f103xb.o(.text)
    CAN1_RX1_IRQHandler                      0x0800011f   Thumb Code     0  startup_stm32f103xb.o(.text)
    CAN1_SCE_IRQHandler                      0x0800011f   Thumb Code     0  startup_stm32f103xb.o(.text)
    DMA1_Channel1_IRQHandler                 0x0800011f   Thumb Code     0  startup_stm32f103xb.o(.text)
    DMA1_Channel2_IRQHandler                 0x0800011f   Thumb Code     0  startup_stm32f103xb.o(.text)
    DMA1_Channel3_IRQHandler                 0x0800011f   Thumb Code     0  startup_stm32f103xb.o(.text)
    DMA1_Channel4_IRQHandler                 0x0800011f   Thumb Code     0  startup_stm32f103xb.o(.text)
    DMA1_Channel5_IRQHandler                 0x0800011f   Thumb Code     0  startup_stm32f103xb.o(.text)
    DMA1_Channel6_IRQHandler                 0x0800011f   Thumb Code     0  startup_stm32f103xb.o(.text)
    DMA1_Channel7_IRQHandler                 0x0800011f   Thumb Code     0  startup_stm32f103xb.o(.text)
    EXTI0_IRQHandler                         0x0800011f   Thumb Code     0  startup_stm32f103xb.o(.text)
    EXTI15_10_IRQHandler                     0x0800011f   Thumb Code     0  startup_stm32f103xb.o(.text)
    EXTI1_IRQHandler                         0x0800011f   Thumb Code     0  startup_stm32f103xb.o(.text)
    EXTI2_IRQHandler                         0x0800011f   Thumb Code     0  startup_stm32f103xb.o(.text)
    EXTI3_IRQHandler                         0x0800011f   Thumb Code     0  startup_stm32f103xb.o(.text)
    EXTI4_IRQHandler                         0x0800011f   Thumb Code     0  startup_stm32f103xb.o(.text)
    EXTI9_5_IRQHandler                       0x0800011f   Thumb Code     0  startup_stm32f103xb.o(.text)
    FLASH_IRQHandler                         0x0800011f   Thumb Code     0  startup_stm32f103xb.o(.text)
    I2C1_ER_IRQHandler                       0x0800011f   Thumb Code     0  startup_stm32f103xb.o(.text)
    I2C1_EV_IRQHandler                       0x0800011f   Thumb Code     0  startup_stm32f103xb.o(.text)
    I2C2_ER_IRQHandler                       0x0800011f   Thumb Code     0  startup_stm32f103xb.o(.text)
    I2C2_EV_IRQHandler                       0x0800011f   Thumb Code     0  startup_stm32f103xb.o(.text)
    PVD_IRQHandler                           0x0800011f   Thumb Code     0  startup_stm32f103xb.o(.text)
    RCC_IRQHandler                           0x0800011f   Thumb Code     0  startup_stm32f103xb.o(.text)
    RTC_Alarm_IRQHandler                     0x0800011f   Thumb Code     0  startup_stm32f103xb.o(.text)
    RTC_IRQHandler                           0x0800011f   Thumb Code     0  startup_stm32f103xb.o(.text)
    SPI1_IRQHandler                          0x0800011f   Thumb Code     0  startup_stm32f103xb.o(.text)
    SPI2_IRQHandler                          0x0800011f   Thumb Code     0  startup_stm32f103xb.o(.text)
    TAMPER_IRQHandler                        0x0800011f   Thumb Code     0  startup_stm32f103xb.o(.text)
    TIM1_BRK_IRQHandler                      0x0800011f   Thumb Code     0  startup_stm32f103xb.o(.text)
    TIM1_CC_IRQHandler                       0x0800011f   Thumb Code     0  startup_stm32f103xb.o(.text)
    TIM1_TRG_COM_IRQHandler                  0x0800011f   Thumb Code     0  startup_stm32f103xb.o(.text)
    TIM1_UP_IRQHandler                       0x0800011f   Thumb Code     0  startup_stm32f103xb.o(.text)
    TIM2_IRQHandler                          0x0800011f   Thumb Code     0  startup_stm32f103xb.o(.text)
    TIM3_IRQHandler                          0x0800011f   Thumb Code     0  startup_stm32f103xb.o(.text)
    TIM4_IRQHandler                          0x0800011f   Thumb Code     0  startup_stm32f103xb.o(.text)
    USART1_IRQHandler                        0x0800011f   Thumb Code     0  startup_stm32f103xb.o(.text)
    USART2_IRQHandler                        0x0800011f   Thumb Code     0  startup_stm32f103xb.o(.text)
    USART3_IRQHandler                        0x0800011f   Thumb Code     0  startup_stm32f103xb.o(.text)
    USBWakeUp_IRQHandler                     0x0800011f   Thumb Code     0  startup_stm32f103xb.o(.text)
    USB_HP_CAN1_TX_IRQHandler                0x0800011f   Thumb Code     0  startup_stm32f103xb.o(.text)
    USB_LP_CAN1_RX0_IRQHandler               0x0800011f   Thumb Code     0  startup_stm32f103xb.o(.text)
    WWDG_IRQHandler                          0x0800011f   Thumb Code     0  startup_stm32f103xb.o(.text)
    __aeabi_ldivmod                          0x08000129   Thumb Code    98  ldiv.o(.text)
    __aeabi_llsr                             0x0800018b   Thumb Code    32  llushr.o(.text)
    _ll_ushift_r                             0x0800018b   Thumb Code     0  llushr.o(.text)
    __aeabi_memset                           0x080001ab   Thumb Code    14  memseta.o(.text)
    __aeabi_memset4                          0x080001ab   Thumb Code     0  memseta.o(.text)
    __aeabi_memset8                          0x080001ab   Thumb Code     0  memseta.o(.text)
    __aeabi_memclr                           0x080001b9   Thumb Code     4  memseta.o(.text)
    __aeabi_memclr4                          0x080001b9   Thumb Code     0  memseta.o(.text)
    __aeabi_memclr8                          0x080001b9   Thumb Code     0  memseta.o(.text)
    _memset$wrapper                          0x080001bd   Thumb Code    18  memseta.o(.text)
    __aeabi_fdiv                             0x080001cf   Thumb Code   124  fdiv.o(.text)
    __ARM_scalbnf                            0x0800024b   Thumb Code    24  fscalb.o(.text)
    scalbnf                                  0x0800024b   Thumb Code     0  fscalb.o(.text)
    __aeabi_dadd                             0x08000263   Thumb Code   322  dadd.o(.text)
    __aeabi_dsub                             0x080003a5   Thumb Code     6  dadd.o(.text)
    __aeabi_drsub                            0x080003ab   Thumb Code     6  dadd.o(.text)
    __aeabi_dmul                             0x080003b1   Thumb Code   228  dmul.o(.text)
    __aeabi_ddiv                             0x08000495   Thumb Code   222  ddiv.o(.text)
    __aeabi_i2f                              0x08000573   Thumb Code    18  fflti.o(.text)
    __aeabi_ui2f                             0x08000585   Thumb Code    10  ffltui.o(.text)
    __aeabi_i2d                              0x0800058f   Thumb Code    34  dflti.o(.text)
    __aeabi_ui2d                             0x080005b1   Thumb Code    26  dfltui.o(.text)
    __aeabi_d2iz                             0x080005cb   Thumb Code    62  dfixi.o(.text)
    __aeabi_d2uiz                            0x08000609   Thumb Code    50  dfixui.o(.text)
    __aeabi_f2d                              0x0800063b   Thumb Code    38  f2d.o(.text)
    __aeabi_d2f                              0x08000661   Thumb Code    56  d2f.o(.text)
    __aeabi_uidiv                            0x08000699   Thumb Code     0  uidiv.o(.text)
    __aeabi_uidivmod                         0x08000699   Thumb Code    44  uidiv.o(.text)
    __aeabi_uldivmod                         0x080006c5   Thumb Code    98  uldiv.o(.text)
    __aeabi_llsl                             0x08000727   Thumb Code    30  llshl.o(.text)
    _ll_shift_l                              0x08000727   Thumb Code     0  llshl.o(.text)
    __aeabi_lasr                             0x08000745   Thumb Code    36  llsshr.o(.text)
    _ll_sshift_r                             0x08000745   Thumb Code     0  llsshr.o(.text)
    __I$use$fp                               0x08000769   Thumb Code     0  iusefp.o(.text)
    _float_round                             0x08000769   Thumb Code    18  fepilogue.o(.text)
    _float_epilogue                          0x0800077b   Thumb Code    92  fepilogue.o(.text)
    _double_round                            0x080007d7   Thumb Code    30  depilogue.o(.text)
    _double_epilogue                         0x080007f5   Thumb Code   156  depilogue.o(.text)
    __ARM_scalbn                             0x08000891   Thumb Code    46  dscalb.o(.text)
    scalbn                                   0x08000891   Thumb Code     0  dscalb.o(.text)
    __aeabi_d2ulz                            0x080008bf   Thumb Code    48  dfixul.o(.text)
    __aeabi_cdrcmple                         0x080008f1   Thumb Code    48  cdrcmple.o(.text)
    __scatterload                            0x08000921   Thumb Code    28  init.o(.text)
    __scatterload_rt2                        0x08000921   Thumb Code     0  init.o(.text)
    _dsqrt                                   0x08000945   Thumb Code   162  dsqrt.o(.text)
    BMP180_GetAlt                            0x080009e9   Thumb Code    56  bmp180.o(i.BMP180_GetAlt)
    BMP180_GetPress                          0x08000a39   Thumb Code   510  bmp180.o(i.BMP180_GetPress)
    BMP180_GetTemp                           0x08000c61   Thumb Code   144  bmp180.o(i.BMP180_GetTemp)
    BMP180_Start                             0x08000d05   Thumb Code     4  bmp180.o(i.BMP180_Start)
    BusFault_Handler                         0x08000d09   Thumb Code     2  stm32f1xx_it.o(i.BusFault_Handler)
    DebugMon_Handler                         0x08000d0b   Thumb Code     2  stm32f1xx_it.o(i.DebugMon_Handler)
    Get_UPress                               0x08000d0d   Thumb Code   132  bmp180.o(i.Get_UPress)
    Get_UTemp                                0x08000d95   Thumb Code    86  bmp180.o(i.Get_UTemp)
    HAL_Delay                                0x08000df1   Thumb Code    32  stm32f1xx_hal.o(i.HAL_Delay)
    HAL_GPIO_Init                            0x08000e15   Thumb Code   446  stm32f1xx_hal_gpio.o(i.HAL_GPIO_Init)
    HAL_GetTick                              0x08000ff5   Thumb Code     6  stm32f1xx_hal.o(i.HAL_GetTick)
    HAL_I2C_Init                             0x08001001   Thumb Code   376  stm32f1xx_hal_i2c.o(i.HAL_I2C_Init)
    HAL_I2C_Mem_Read                         0x08001189   Thumb Code   574  stm32f1xx_hal_i2c.o(i.HAL_I2C_Mem_Read)
    HAL_I2C_Mem_Write                        0x080013d9   Thumb Code   294  stm32f1xx_hal_i2c.o(i.HAL_I2C_Mem_Write)
    HAL_I2C_MspInit                          0x08001509   Thumb Code   134  stm32f1xx_hal_msp.o(i.HAL_I2C_MspInit)
    HAL_IncTick                              0x080015a1   Thumb Code    12  stm32f1xx_hal.o(i.HAL_IncTick)
    HAL_Init                                 0x080015b1   Thumb Code    32  stm32f1xx_hal.o(i.HAL_Init)
    HAL_InitTick                             0x080015d5   Thumb Code    54  stm32f1xx_hal.o(i.HAL_InitTick)
    HAL_MspInit                              0x08001615   Thumb Code    52  stm32f1xx_hal_msp.o(i.HAL_MspInit)
    HAL_NVIC_SetPriority                     0x08001651   Thumb Code    60  stm32f1xx_hal_cortex.o(i.HAL_NVIC_SetPriority)
    HAL_NVIC_SetPriorityGrouping             0x08001691   Thumb Code    26  stm32f1xx_hal_cortex.o(i.HAL_NVIC_SetPriorityGrouping)
    HAL_RCC_ClockConfig                      0x080016b5   Thumb Code   280  stm32f1xx_hal_rcc.o(i.HAL_RCC_ClockConfig)
    HAL_RCC_GetPCLK1Freq                     0x080017e1   Thumb Code    20  stm32f1xx_hal_rcc.o(i.HAL_RCC_GetPCLK1Freq)
    HAL_RCC_GetPCLK2Freq                     0x08001801   Thumb Code    20  stm32f1xx_hal_rcc.o(i.HAL_RCC_GetPCLK2Freq)
    HAL_RCC_GetSysClockFreq                  0x08001821   Thumb Code    74  stm32f1xx_hal_rcc.o(i.HAL_RCC_GetSysClockFreq)
    HAL_RCC_OscConfig                        0x0800188d   Thumb Code   778  stm32f1xx_hal_rcc.o(i.HAL_RCC_OscConfig)
    HAL_SYSTICK_Config                       0x08001bad   Thumb Code    40  stm32f1xx_hal_cortex.o(i.HAL_SYSTICK_Config)
    HAL_UART_Init                            0x08001bd5   Thumb Code    98  stm32f1xx_hal_uart.o(i.HAL_UART_Init)
    HAL_UART_MspInit                         0x08001c39   Thumb Code   100  stm32f1xx_hal_msp.o(i.HAL_UART_MspInit)
    HAL_UART_Transmit                        0x08001ca9   Thumb Code   178  stm32f1xx_hal_uart.o(i.HAL_UART_Transmit)
    HardFault_Handler                        0x08001d5b   Thumb Code     2  stm32f1xx_it.o(i.HardFault_Handler)
    MemManage_Handler                        0x0800212d   Thumb Code     2  stm32f1xx_it.o(i.MemManage_Handler)
    NMI_Handler                              0x0800212f   Thumb Code     2  stm32f1xx_it.o(i.NMI_Handler)
    PendSV_Handler                           0x08002131   Thumb Code     2  stm32f1xx_it.o(i.PendSV_Handler)
    SVC_Handler                              0x08002133   Thumb Code     2  stm32f1xx_it.o(i.SVC_Handler)
    SysTick_Handler                          0x08002135   Thumb Code     4  stm32f1xx_it.o(i.SysTick_Handler)
    SystemClock_Config                       0x08002139   Thumb Code    94  main.o(i.SystemClock_Config)
    SystemInit                               0x08002197   Thumb Code     2  system_stm32f1xx.o(i.SystemInit)
    UsageFault_Handler                       0x080022b5   Thumb Code     2  stm32f1xx_it.o(i.UsageFault_Handler)
    __0sprintf                               0x080022b9   Thumb Code    34  printfa.o(i.__0sprintf)
    __1sprintf                               0x080022b9   Thumb Code     0  printfa.o(i.__0sprintf)
    __2sprintf                               0x080022b9   Thumb Code     0  printfa.o(i.__0sprintf)
    __c89sprintf                             0x080022b9   Thumb Code     0  printfa.o(i.__0sprintf)
    sprintf                                  0x080022b9   Thumb Code     0  printfa.o(i.__0sprintf)
    __ARM_fpclassify                         0x080022e1   Thumb Code    40  fpclassify.o(i.__ARM_fpclassify)
    __kernel_poly                            0x08002329   Thumb Code   170  poly.o(i.__kernel_poly)
    __mathlib_dbl_divzero                    0x080023d5   Thumb Code    12  dunder.o(i.__mathlib_dbl_divzero)
    __mathlib_dbl_infnan2                    0x080023e5   Thumb Code     4  dunder.o(i.__mathlib_dbl_infnan2)
    __mathlib_dbl_invalid                    0x080023e9   Thumb Code    12  dunder.o(i.__mathlib_dbl_invalid)
    __mathlib_dbl_overflow                   0x080023f5   Thumb Code    14  dunder.o(i.__mathlib_dbl_overflow)
    __mathlib_dbl_underflow                  0x08002405   Thumb Code    10  dunder.o(i.__mathlib_dbl_underflow)
    __scatterload_copy                       0x08002415   Thumb Code    14  handlers.o(i.__scatterload_copy)
    __scatterload_null                       0x08002423   Thumb Code     2  handlers.o(i.__scatterload_null)
    __scatterload_zeroinit                   0x08002425   Thumb Code    14  handlers.o(i.__scatterload_zeroinit)
    __set_errno                              0x08002435   Thumb Code     6  errno.o(i.__set_errno)
    bmp280_init                              0x08002cd5   Thumb Code   200  bmp280.o(i.bmp280_init)
    bmp280_init_default_params               0x08002d9d   Thumb Code    18  bmp280.o(i.bmp280_init_default_params)
    bmp280_read_fixed                        0x08002daf   Thumb Code   270  bmp280.o(i.bmp280_read_fixed)
    bmp280_read_float                        0x08002ebd   Thumb Code    80  bmp280.o(i.bmp280_read_float)
    main                                     0x08003069   Thumb Code   614  main.o(i.main)
    pow                                      0x0800337d   Thumb Code  2512  pow.o(i.pow)
    read_calliberation_data                  0x08003e05   Thumb Code   130  bmp180.o(i.read_calliberation_data)
    sqrt                                     0x08003f6b   Thumb Code    76  sqrt.o(i.sqrt)
    AHBPrescTable                            0x08003fe4   Data          16  system_stm32f1xx.o(.constdata)
    APBPrescTable                            0x08003ff4   Data           8  system_stm32f1xx.o(.constdata)
    __mathlib_zero                           0x08004088   Data           8  qnan.o(.constdata)
    Region$$Table$$Base                      0x08004140   Number         0  anon$$obj.o(Region$$Table)
    Region$$Table$$Limit                     0x08004160   Number         0  anon$$obj.o(Region$$Table)
    size                                     0x20000000   Data           2  main.o(.data)
    altitudeBMP280                           0x20000004   Data           4  main.o(.data)
    pressureBMP280                           0x20000008   Data           4  main.o(.data)
    pBMP280                                  0x2000000c   Data           4  main.o(.data)
    temperatureBMP280                        0x20000010   Data           4  main.o(.data)
    humidityBMP280                           0x20000014   Data           4  main.o(.data)
    temperature                              0x20000018   Data           4  main.o(.data)
    pressure                                 0x2000001c   Data           4  main.o(.data)
    altitude                                 0x20000020   Data           4  main.o(.data)
    a                                        0x20000024   Data           4  main.o(.data)
    b                                        0x20000028   Data           4  main.o(.data)
    c                                        0x2000002c   Data           4  main.o(.data)
    AC1                                      0x20000030   Data           2  bmp180.o(.data)
    AC2                                      0x20000032   Data           2  bmp180.o(.data)
    AC3                                      0x20000034   Data           2  bmp180.o(.data)
    AC4                                      0x20000036   Data           2  bmp180.o(.data)
    AC5                                      0x20000038   Data           2  bmp180.o(.data)
    AC6                                      0x2000003a   Data           2  bmp180.o(.data)
    B1                                       0x2000003c   Data           2  bmp180.o(.data)
    B2                                       0x2000003e   Data           2  bmp180.o(.data)
    MB                                       0x20000040   Data           2  bmp180.o(.data)
    MC                                       0x20000042   Data           2  bmp180.o(.data)
    MD                                       0x20000044   Data           2  bmp180.o(.data)
    UT                                       0x20000048   Data           4  bmp180.o(.data)
    UP                                       0x2000004c   Data           4  bmp180.o(.data)
    X1                                       0x20000050   Data           4  bmp180.o(.data)
    X2                                       0x20000054   Data           4  bmp180.o(.data)
    X3                                       0x20000058   Data           4  bmp180.o(.data)
    B3                                       0x2000005c   Data           4  bmp180.o(.data)
    B5                                       0x20000060   Data           4  bmp180.o(.data)
    B4                                       0x20000064   Data           4  bmp180.o(.data)
    B6                                       0x20000068   Data           4  bmp180.o(.data)
    B7                                       0x2000006c   Data           4  bmp180.o(.data)
    Press                                    0x20000070   Data           4  bmp180.o(.data)
    Temp                                     0x20000074   Data           4  bmp180.o(.data)
    uwTickFreq                               0x20000078   Data           1  stm32f1xx_hal.o(.data)
    uwTickPrio                               0x2000007c   Data           4  stm32f1xx_hal.o(.data)
    uwTick                                   0x20000080   Data           4  stm32f1xx_hal.o(.data)
    SystemCoreClock                          0x20000084   Data           4  system_stm32f1xx.o(.data)
    Data                                     0x2000008c   Data         256  main.o(.bss)
    hi2c1                                    0x2000018c   Data          84  main.o(.bss)
    hi2c2                                    0x200001e0   Data          84  main.o(.bss)
    huart1                                   0x20000234   Data          64  main.o(.bss)
    bmp280                                   0x20000274   Data          52  main.o(.bss)
    __initial_sp                             0x200006a8   Data           0  startup_stm32f103xb.o(STACK)



==============================================================================

Memory Map of the image

  Image Entry point : 0x080000ed

  Load Region LR_IROM1 (Base: 0x08000000, Size: 0x000041ec, Max: 0x00010000, ABSOLUTE)

    Execution Region ER_IROM1 (Exec base: 0x08000000, Load base: 0x08000000, Size: 0x00004160, Max: 0x00010000, ABSOLUTE)

    Exec Addr    Load Addr    Size         Type   Attr      Idx    E Section Name        Object

    0x08000000   0x08000000   0x000000ec   Data   RO            3    RESET               startup_stm32f103xb.o
    0x080000ec   0x080000ec   0x00000000   Code   RO         2275  * .ARM.Collect$$$$00000000  mc_w.l(entry.o)
    0x080000ec   0x080000ec   0x00000004   Code   RO         2598    .ARM.Collect$$$$00000001  mc_w.l(entry2.o)
    0x080000f0   0x080000f0   0x00000004   Code   RO         2601    .ARM.Collect$$$$00000004  mc_w.l(entry5.o)
    0x080000f4   0x080000f4   0x00000000   Code   RO         2603    .ARM.Collect$$$$00000008  mc_w.l(entry7b.o)
    0x080000f4   0x080000f4   0x00000000   Code   RO         2605    .ARM.Collect$$$$0000000A  mc_w.l(entry8b.o)
    0x080000f4   0x080000f4   0x00000008   Code   RO         2606    .ARM.Collect$$$$0000000B  mc_w.l(entry9a.o)
    0x080000fc   0x080000fc   0x00000004   Code   RO         2613    .ARM.Collect$$$$0000000E  mc_w.l(entry12b.o)
    0x08000100   0x08000100   0x00000000   Code   RO         2608    .ARM.Collect$$$$0000000F  mc_w.l(entry10a.o)
    0x08000100   0x08000100   0x00000000   Code   RO         2610    .ARM.Collect$$$$00000011  mc_w.l(entry11a.o)
    0x08000100   0x08000100   0x00000004   Code   RO         2599    .ARM.Collect$$$$00002712  mc_w.l(entry2.o)
    0x08000104   0x08000104   0x00000024   Code   RO            4    .text               startup_stm32f103xb.o
    0x08000128   0x08000128   0x00000062   Code   RO         2278    .text               mc_w.l(ldiv.o)
    0x0800018a   0x0800018a   0x00000020   Code   RO         2280    .text               mc_w.l(llushr.o)
    0x080001aa   0x080001aa   0x00000024   Code   RO         2282    .text               mc_w.l(memseta.o)
    0x080001ce   0x080001ce   0x0000007c   Code   RO         2545    .text               mf_w.l(fdiv.o)
    0x0800024a   0x0800024a   0x00000018   Code   RO         2547    .text               mf_w.l(fscalb.o)
    0x08000262   0x08000262   0x0000014e   Code   RO         2549    .text               mf_w.l(dadd.o)
    0x080003b0   0x080003b0   0x000000e4   Code   RO         2551    .text               mf_w.l(dmul.o)
    0x08000494   0x08000494   0x000000de   Code   RO         2553    .text               mf_w.l(ddiv.o)
    0x08000572   0x08000572   0x00000012   Code   RO         2555    .text               mf_w.l(fflti.o)
    0x08000584   0x08000584   0x0000000a   Code   RO         2557    .text               mf_w.l(ffltui.o)
    0x0800058e   0x0800058e   0x00000022   Code   RO         2559    .text               mf_w.l(dflti.o)
    0x080005b0   0x080005b0   0x0000001a   Code   RO         2561    .text               mf_w.l(dfltui.o)
    0x080005ca   0x080005ca   0x0000003e   Code   RO         2563    .text               mf_w.l(dfixi.o)
    0x08000608   0x08000608   0x00000032   Code   RO         2565    .text               mf_w.l(dfixui.o)
    0x0800063a   0x0800063a   0x00000026   Code   RO         2567    .text               mf_w.l(f2d.o)
    0x08000660   0x08000660   0x00000038   Code   RO         2569    .text               mf_w.l(d2f.o)
    0x08000698   0x08000698   0x0000002c   Code   RO         2617    .text               mc_w.l(uidiv.o)
    0x080006c4   0x080006c4   0x00000062   Code   RO         2619    .text               mc_w.l(uldiv.o)
    0x08000726   0x08000726   0x0000001e   Code   RO         2621    .text               mc_w.l(llshl.o)
    0x08000744   0x08000744   0x00000024   Code   RO         2623    .text               mc_w.l(llsshr.o)
    0x08000768   0x08000768   0x00000000   Code   RO         2632    .text               mc_w.l(iusefp.o)
    0x08000768   0x08000768   0x0000006e   Code   RO         2633    .text               mf_w.l(fepilogue.o)
    0x080007d6   0x080007d6   0x000000ba   Code   RO         2635    .text               mf_w.l(depilogue.o)
    0x08000890   0x08000890   0x0000002e   Code   RO         2637    .text               mf_w.l(dscalb.o)
    0x080008be   0x080008be   0x00000030   Code   RO         2639    .text               mf_w.l(dfixul.o)
    0x080008ee   0x080008ee   0x00000002   PAD
    0x080008f0   0x080008f0   0x00000030   Code   RO         2641    .text               mf_w.l(cdrcmple.o)
    0x08000920   0x08000920   0x00000024   Code   RO         2643    .text               mc_w.l(init.o)
    0x08000944   0x08000944   0x000000a2   Code   RO         2647    .text               mf_w.l(dsqrt.o)
    0x080009e6   0x080009e6   0x00000002   PAD
    0x080009e8   0x080009e8   0x00000050   Code   RO          286    i.BMP180_GetAlt     bmp180.o
    0x08000a38   0x08000a38   0x00000228   Code   RO          287    i.BMP180_GetPress   bmp180.o
    0x08000c60   0x08000c60   0x000000a4   Code   RO          288    i.BMP180_GetTemp    bmp180.o
    0x08000d04   0x08000d04   0x00000004   Code   RO          289    i.BMP180_Start      bmp180.o
    0x08000d08   0x08000d08   0x00000002   Code   RO          163    i.BusFault_Handler  stm32f1xx_it.o
    0x08000d0a   0x08000d0a   0x00000002   Code   RO          164    i.DebugMon_Handler  stm32f1xx_it.o
    0x08000d0c   0x08000d0c   0x00000088   Code   RO          290    i.Get_UPress        bmp180.o
    0x08000d94   0x08000d94   0x0000005c   Code   RO          291    i.Get_UTemp         bmp180.o
    0x08000df0   0x08000df0   0x00000024   Code   RO          905    i.HAL_Delay         stm32f1xx_hal.o
    0x08000e14   0x08000e14   0x000001e0   Code   RO         1213    i.HAL_GPIO_Init     stm32f1xx_hal_gpio.o
    0x08000ff4   0x08000ff4   0x0000000c   Code   RO          909    i.HAL_GetTick       stm32f1xx_hal.o
    0x08001000   0x08001000   0x00000188   Code   RO          482    i.HAL_I2C_Init      stm32f1xx_hal_i2c.o
    0x08001188   0x08001188   0x00000250   Code   RO          500    i.HAL_I2C_Mem_Read  stm32f1xx_hal_i2c.o
    0x080013d8   0x080013d8   0x00000130   Code   RO          503    i.HAL_I2C_Mem_Write  stm32f1xx_hal_i2c.o
    0x08001508   0x08001508   0x00000098   Code   RO          239    i.HAL_I2C_MspInit   stm32f1xx_hal_msp.o
    0x080015a0   0x080015a0   0x00000010   Code   RO          915    i.HAL_IncTick       stm32f1xx_hal.o
    0x080015b0   0x080015b0   0x00000024   Code   RO          916    i.HAL_Init          stm32f1xx_hal.o
    0x080015d4   0x080015d4   0x00000040   Code   RO          917    i.HAL_InitTick      stm32f1xx_hal.o
    0x08001614   0x08001614   0x0000003c   Code   RO          240    i.HAL_MspInit       stm32f1xx_hal_msp.o
    0x08001650   0x08001650   0x00000040   Code   RO         1379    i.HAL_NVIC_SetPriority  stm32f1xx_hal_cortex.o
    0x08001690   0x08001690   0x00000024   Code   RO         1380    i.HAL_NVIC_SetPriorityGrouping  stm32f1xx_hal_cortex.o
    0x080016b4   0x080016b4   0x0000012c   Code   RO         1073    i.HAL_RCC_ClockConfig  stm32f1xx_hal_rcc.o
    0x080017e0   0x080017e0   0x00000020   Code   RO         1080    i.HAL_RCC_GetPCLK1Freq  stm32f1xx_hal_rcc.o
    0x08001800   0x08001800   0x00000020   Code   RO         1081    i.HAL_RCC_GetPCLK2Freq  stm32f1xx_hal_rcc.o
    0x08001820   0x08001820   0x0000006c   Code   RO         1082    i.HAL_RCC_GetSysClockFreq  stm32f1xx_hal_rcc.o
    0x0800188c   0x0800188c   0x00000320   Code   RO         1085    i.HAL_RCC_OscConfig  stm32f1xx_hal_rcc.o
    0x08001bac   0x08001bac   0x00000028   Code   RO         1384    i.HAL_SYSTICK_Config  stm32f1xx_hal_cortex.o
    0x08001bd4   0x08001bd4   0x00000062   Code   RO         1934    i.HAL_UART_Init     stm32f1xx_hal_uart.o
    0x08001c36   0x08001c36   0x00000002   PAD
    0x08001c38   0x08001c38   0x00000070   Code   RO          242    i.HAL_UART_MspInit  stm32f1xx_hal_msp.o
    0x08001ca8   0x08001ca8   0x000000b2   Code   RO         1942    i.HAL_UART_Transmit  stm32f1xx_hal_uart.o
    0x08001d5a   0x08001d5a   0x00000002   Code   RO          165    i.HardFault_Handler  stm32f1xx_it.o
    0x08001d5c   0x08001d5c   0x0000002e   Code   RO          524    i.I2C_IsAcknowledgeFailed  stm32f1xx_hal_i2c.o
    0x08001d8a   0x08001d8a   0x00000002   PAD
    0x08001d8c   0x08001d8c   0x000000fc   Code   RO          534    i.I2C_RequestMemoryRead  stm32f1xx_hal_i2c.o
    0x08001e88   0x08001e88   0x000000a8   Code   RO          535    i.I2C_RequestMemoryWrite  stm32f1xx_hal_i2c.o
    0x08001f30   0x08001f30   0x0000004c   Code   RO          538    i.I2C_WaitOnBTFFlagUntilTimeout  stm32f1xx_hal_i2c.o
    0x08001f7c   0x08001f7c   0x00000068   Code   RO          539    i.I2C_WaitOnFlagUntilTimeout  stm32f1xx_hal_i2c.o
    0x08001fe4   0x08001fe4   0x00000096   Code   RO          540    i.I2C_WaitOnMasterAddressFlagUntilTimeout  stm32f1xx_hal_i2c.o
    0x0800207a   0x0800207a   0x00000066   Code   RO          541    i.I2C_WaitOnRXNEFlagUntilTimeout  stm32f1xx_hal_i2c.o
    0x080020e0   0x080020e0   0x0000004c   Code   RO          542    i.I2C_WaitOnTXEFlagUntilTimeout  stm32f1xx_hal_i2c.o
    0x0800212c   0x0800212c   0x00000002   Code   RO          166    i.MemManage_Handler  stm32f1xx_it.o
    0x0800212e   0x0800212e   0x00000002   Code   RO          167    i.NMI_Handler       stm32f1xx_it.o
    0x08002130   0x08002130   0x00000002   Code   RO          168    i.PendSV_Handler    stm32f1xx_it.o
    0x08002132   0x08002132   0x00000002   Code   RO          169    i.SVC_Handler       stm32f1xx_it.o
    0x08002134   0x08002134   0x00000004   Code   RO          170    i.SysTick_Handler   stm32f1xx_it.o
    0x08002138   0x08002138   0x0000005e   Code   RO           14    i.SystemClock_Config  main.o
    0x08002196   0x08002196   0x00000002   Code   RO         2231    i.SystemInit        system_stm32f1xx.o
    0x08002198   0x08002198   0x000000b8   Code   RO         1960    i.UART_SetConfig    stm32f1xx_hal_uart.o
    0x08002250   0x08002250   0x00000064   Code   RO         1961    i.UART_WaitOnFlagUntilTimeout  stm32f1xx_hal_uart.o
    0x080022b4   0x080022b4   0x00000002   Code   RO          171    i.UsageFault_Handler  stm32f1xx_it.o
    0x080022b6   0x080022b6   0x00000002   PAD
    0x080022b8   0x080022b8   0x00000028   Code   RO         2519    i.__0sprintf        mc_w.l(printfa.o)
    0x080022e0   0x080022e0   0x00000028   Code   RO         2585    i.__ARM_fpclassify  m_ws.l(fpclassify.o)
    0x08002308   0x08002308   0x00000020   Code   RO         1386    i.__NVIC_SetPriority  stm32f1xx_hal_cortex.o
    0x08002328   0x08002328   0x000000aa   Code   RO         2587    i.__kernel_poly     m_ws.l(poly.o)
    0x080023d2   0x080023d2   0x00000002   PAD
    0x080023d4   0x080023d4   0x00000010   Code   RO         2571    i.__mathlib_dbl_divzero  m_ws.l(dunder.o)
    0x080023e4   0x080023e4   0x00000004   Code   RO         2573    i.__mathlib_dbl_infnan2  m_ws.l(dunder.o)
    0x080023e8   0x080023e8   0x0000000c   Code   RO         2574    i.__mathlib_dbl_invalid  m_ws.l(dunder.o)
    0x080023f4   0x080023f4   0x0000000e   Code   RO         2575    i.__mathlib_dbl_overflow  m_ws.l(dunder.o)
    0x08002402   0x08002402   0x00000002   PAD
    0x08002404   0x08002404   0x00000010   Code   RO         2577    i.__mathlib_dbl_underflow  m_ws.l(dunder.o)
    0x08002414   0x08002414   0x0000000e   Code   RO         2653    i.__scatterload_copy  mc_w.l(handlers.o)
    0x08002422   0x08002422   0x00000002   Code   RO         2654    i.__scatterload_null  mc_w.l(handlers.o)
    0x08002424   0x08002424   0x0000000e   Code   RO         2655    i.__scatterload_zeroinit  mc_w.l(handlers.o)
    0x08002432   0x08002432   0x00000002   PAD
    0x08002434   0x08002434   0x0000000c   Code   RO         2627    i.__set_errno       mc_w.l(errno.o)
    0x08002440   0x08002440   0x00000184   Code   RO         2524    i._fp_digits        mc_w.l(printfa.o)
    0x080025c4   0x080025c4   0x000006b4   Code   RO         2525    i._printf_core      mc_w.l(printfa.o)
    0x08002c78   0x08002c78   0x00000024   Code   RO         2526    i._printf_post_padding  mc_w.l(printfa.o)
    0x08002c9c   0x08002c9c   0x0000002e   Code   RO         2527    i._printf_pre_padding  mc_w.l(printfa.o)
    0x08002cca   0x08002cca   0x0000000a   Code   RO         2529    i._sputc            mc_w.l(printfa.o)
    0x08002cd4   0x08002cd4   0x000000c8   Code   RO          352    i.bmp280_init       bmp280.o
    0x08002d9c   0x08002d9c   0x00000012   Code   RO          353    i.bmp280_init_default_params  bmp280.o
    0x08002dae   0x08002dae   0x0000010e   Code   RO          355    i.bmp280_read_fixed  bmp280.o
    0x08002ebc   0x08002ebc   0x00000054   Code   RO          356    i.bmp280_read_float  bmp280.o
    0x08002f10   0x08002f10   0x00000158   Code   RO          357    i.compensate_pressure  bmp280.o
    0x08003068   0x08003068   0x00000314   Code   RO           15    i.main              main.o
    0x0800337c   0x0800337c   0x000009d8   Code   RO         2266    i.pow               m_ws.l(pow.o)
    0x08003d54   0x08003d54   0x000000b0   Code   RO          358    i.read_calibration_data  bmp280.o
    0x08003e04   0x08003e04   0x0000008c   Code   RO          292    i.read_calliberation_data  bmp180.o
    0x08003e90   0x08003e90   0x0000002a   Code   RO          359    i.read_data         bmp280.o
    0x08003eba   0x08003eba   0x00000078   Code   RO          360    i.read_hum_calibration_data  bmp280.o
    0x08003f32   0x08003f32   0x00000038   Code   RO          361    i.read_register16   bmp280.o
    0x08003f6a   0x08003f6a   0x0000004c   Code   RO         2591    i.sqrt              m_ws.l(sqrt.o)
    0x08003fb6   0x08003fb6   0x0000002e   Code   RO          362    i.write_register8   bmp280.o
    0x08003fe4   0x08003fe4   0x00000010   Data   RO         2232    .constdata          system_stm32f1xx.o
    0x08003ff4   0x08003ff4   0x00000008   Data   RO         2233    .constdata          system_stm32f1xx.o
    0x08003ffc   0x08003ffc   0x00000004   PAD
    0x08004000   0x08004000   0x00000088   Data   RO         2267    .constdata          m_ws.l(pow.o)
    0x08004088   0x08004088   0x00000008   Data   RO         2589    .constdata          m_ws.l(qnan.o)
    0x08004090   0x08004090   0x000000af   Data   RO           17    .conststring        main.o
    0x0800413f   0x0800413f   0x00000001   PAD
    0x08004140   0x08004140   0x00000020   Data   RO         2651    Region$$Table       anon$$obj.o


    Execution Region RW_IRAM1 (Exec base: 0x20000000, Load base: 0x08004160, Size: 0x000006a8, Max: 0x00005000, ABSOLUTE)

    Exec Addr    Load Addr    Size         Type   Attr      Idx    E Section Name        Object

    0x20000000   0x08004160   0x00000030   Data   RW           19    .data               main.o
    0x20000030   0x08004190   0x00000048   Data   RW          293    .data               bmp180.o
    0x20000078   0x080041d8   0x0000000c   Data   RW          923    .data               stm32f1xx_hal.o
    0x20000084   0x080041e4   0x00000004   Data   RW         2234    .data               system_stm32f1xx.o
    0x20000088   0x080041e8   0x00000004   Data   RW         2628    .data               mc_w.l(errno.o)
    0x2000008c        -       0x0000021c   Zero   RW           16    .bss                main.o
    0x200002a8        -       0x00000400   Zero   RW            1    STACK               startup_stm32f103xb.o


==============================================================================

Image component sizes


      Code (inc. data)   RO Data    RW Data    ZI Data      Debug   Object Name

      1168        106          0         72          0       5099   bmp180.o
      1356          8          0          0          0       8775   bmp280.o
       882        174        175         48        540     405137   main.o
        36          8        236          0       1024        800   startup_stm32f103xb.o
       164         28          0         12          0       5877   stm32f1xx_hal.o
       172         14          0          0          0      28270   stm32f1xx_hal_cortex.o
       480         34          0          0          0       2256   stm32f1xx_hal_gpio.o
      2262         56          0          0          0      12718   stm32f1xx_hal_i2c.o
       324         38          0          0          0       2343   stm32f1xx_hal_msp.o
      1272        100          0          0          0       5172   stm32f1xx_hal_rcc.o
       560          6          0          0          0       3968   stm32f1xx_hal_uart.o
        20          0          0          0          0       3842   stm32f1xx_it.o
         2          0         24          4          0       1107   system_stm32f1xx.o

    ----------------------------------------------------------------------
      8704        572        472        136       1564     485364   Object Totals
         0          0         32          0          0          0   (incl. Generated)
         6          0          5          0          0          0   (incl. Padding)

    ----------------------------------------------------------------------

      Code (inc. data)   RO Data    RW Data    ZI Data      Debug   Library Member Name

        62         10          0          0          0        340   dunder.o
        40          0          0          0          0         68   fpclassify.o
       170          0          0          0          0         96   poly.o
      2520        190        136          0          0        324   pow.o
         0          0          8          0          0          0   qnan.o
        76          0          0          0          0         84   sqrt.o
         0          0          0          0          0          0   entry.o
         0          0          0          0          0          0   entry10a.o
         0          0          0          0          0          0   entry11a.o
         4          0          0          0          0          0   entry12b.o
         8          4          0          0          0          0   entry2.o
         4          0          0          0          0          0   entry5.o
         0          0          0          0          0          0   entry7b.o
         0          0          0          0          0          0   entry8b.o
         8          4          0          0          0          0   entry9a.o
        12          6          0          4          0         68   errno.o
        30          0          0          0          0          0   handlers.o
        36          8          0          0          0         68   init.o
         0          0          0          0          0          0   iusefp.o
        98          0          0          0          0         84   ldiv.o
        30          0          0          0          0         68   llshl.o
        36          0          0          0          0         68   llsshr.o
        32          0          0          0          0         68   llushr.o
        36          0          0          0          0        108   memseta.o
      2236         86          0          0          0        532   printfa.o
        44          0          0          0          0         80   uidiv.o
        98          0          0          0          0         92   uldiv.o
        48          0          0          0          0         68   cdrcmple.o
        56          0          0          0          0         88   d2f.o
       334          0          0          0          0        148   dadd.o
       222          0          0          0          0        100   ddiv.o
       186          0          0          0          0        176   depilogue.o
        62          0          0          0          0         80   dfixi.o
        50          0          0          0          0         76   dfixui.o
        48          0          0          0          0         68   dfixul.o
        34          0          0          0          0         76   dflti.o
        26          0          0          0          0         76   dfltui.o
       228          0          0          0          0         96   dmul.o
        46          0          0          0          0         80   dscalb.o
       162          0          0          0          0        100   dsqrt.o
        38          0          0          0          0         68   f2d.o
       124          0          0          0          0         88   fdiv.o
       110          0          0          0          0        168   fepilogue.o
        18          0          0          0          0         68   fflti.o
        10          0          0          0          0         68   ffltui.o
        24          0          0          0          0         68   fscalb.o

    ----------------------------------------------------------------------
      7416        308        144          4          0       3908   Library Totals
        10          0          0          0          0          0   (incl. Padding)

    ----------------------------------------------------------------------

      Code (inc. data)   RO Data    RW Data    ZI Data      Debug   Library Name

      2868        200        144          0          0        912   m_ws.l
      2712        108          0          4          0       1236   mc_w.l
      1826          0          0          0          0       1760   mf_w.l

    ----------------------------------------------------------------------
      7416        308        144          4          0       3908   Library Totals

    ----------------------------------------------------------------------

==============================================================================


      Code (inc. data)   RO Data    RW Data    ZI Data      Debug   

     16120        880        616        140       1564     484224   Grand Totals
     16120        880        616        140       1564     484224   ELF Image Totals
     16120        880        616        140          0          0   ROM Totals

==============================================================================

    Total RO  Size (Code + RO Data)                16736 (  16.34kB)
    Total RW  Size (RW Data + ZI Data)              1704 (   1.66kB)
    Total ROM Size (Code + RO Data + RW Data)      16876 (  16.48kB)

==============================================================================

